>> Start! : Mon Jul 26 09:06:54 2021
>> data preprocessing
>> X_train, X_test, y_train, y_test --(save)--> *.npy, *.csv
labels_to_csv at ./data/y_train.csv
labels_to_csv at ./data/y_test.csv
features_to_npy at ./data/X_train : 250/2500
features_to_npy at ./data/X_train : 500/2500
features_to_npy at ./data/X_train : 750/2500
features_to_npy at ./data/X_train : 1000/2500
features_to_npy at ./data/X_train : 1250/2500
features_to_npy at ./data/X_train : 1500/2500
features_to_npy at ./data/X_train : 1750/2500
features_to_npy at ./data/X_train : 2000/2500
features_to_npy at ./data/X_train : 2250/2500
features_to_npy at ./data/X_train : 2500/2500
features_to_npy at ./data/X_test : 62/625
features_to_npy at ./data/X_test : 124/625
features_to_npy at ./data/X_test : 186/625
features_to_npy at ./data/X_test : 248/625
features_to_npy at ./data/X_test : 310/625
features_to_npy at ./data/X_test : 372/625
features_to_npy at ./data/X_test : 434/625
features_to_npy at ./data/X_test : 496/625
features_to_npy at ./data/X_test : 558/625
features_to_npy at ./data/X_test : 620/625
features_to_npy at ./data/X_test : 625/625
>> model building
>>> model_parameter :
{'leakyrelu_alpha': 0.1, 'input_kernels': 20, 'input_kernel_width': 3, 'input_regularize_coeff': 0.001, 'res_kernels': 60, 'res_kernel_width': 3, 'res_regularize_coeff': 0.1, 'res_num': 5}
>>> num_of_fold : 10
>>> optimizer : SGD
>> model training
>> start - Process-1 at Mon Jul 26 09:07:29 2021
Epoch 1/1000
34/34 - 124s - loss: 73.4237 - accuracy: 0.4655 - val_loss: 22.3193 - val_accuracy: 0.4609

Epoch 00001: val_loss improved from inf to 22.31926, saving model to ./save/CNN_RNN_Resnet_10_use_mp_alpha_0.1_res_num_5_opt_SGD_fold_1.hdf5
Epoch 2/1000
34/34 - 17s - loss: 20.0412 - accuracy: 0.5349 - val_loss: 21.2410 - val_accuracy: 0.4531

Epoch 00002: val_loss improved from 22.31926 to 21.24096, saving model to ./save/CNN_RNN_Resnet_10_use_mp_alpha_0.1_res_num_5_opt_SGD_fold_1.hdf5
Epoch 3/1000
34/34 - 17s - loss: 18.7391 - accuracy: 0.5722 - val_loss: 20.0347 - val_accuracy: 0.4609

Epoch 00003: val_loss improved from 21.24096 to 20.03469, saving model to ./save/CNN_RNN_Resnet_10_use_mp_alpha_0.1_res_num_5_opt_SGD_fold_1.hdf5
Epoch 4/1000
34/34 - 17s - loss: 17.7276 - accuracy: 0.5924 - val_loss: 20.2262 - val_accuracy: 0.4531

Epoch 00004: val_loss did not improve from 20.03469
Epoch 5/1000
34/34 - 17s - loss: 16.8041 - accuracy: 0.6135 - val_loss: 18.9375 - val_accuracy: 0.4570

Epoch 00005: val_loss improved from 20.03469 to 18.93749, saving model to ./save/CNN_RNN_Resnet_10_use_mp_alpha_0.1_res_num_5_opt_SGD_fold_1.hdf5
Epoch 6/1000
34/34 - 17s - loss: 15.8744 - accuracy: 0.6360 - val_loss: 18.5576 - val_accuracy: 0.4609

Epoch 00006: val_loss improved from 18.93749 to 18.55756, saving model to ./save/CNN_RNN_Resnet_10_use_mp_alpha_0.1_res_num_5_opt_SGD_fold_1.hdf5
Epoch 7/1000
34/34 - 17s - loss: 15.1114 - accuracy: 0.6540 - val_loss: 18.5483 - val_accuracy: 0.4609

Epoch 00007: val_loss improved from 18.55756 to 18.54828, saving model to ./save/CNN_RNN_Resnet_10_use_mp_alpha_0.1_res_num_5_opt_SGD_fold_1.hdf5
Epoch 8/1000
34/34 - 17s - loss: 14.3904 - accuracy: 0.6494 - val_loss: 19.1575 - val_accuracy: 0.4688

Epoch 00008: val_loss did not improve from 18.54828
Epoch 9/1000
34/34 - 16s - loss: 13.5794 - accuracy: 0.6714 - val_loss: 15.3870 - val_accuracy: 0.4727

Epoch 00009: val_loss improved from 18.54828 to 15.38699, saving model to ./save/CNN_RNN_Resnet_10_use_mp_alpha_0.1_res_num_5_opt_SGD_fold_1.hdf5
Epoch 10/1000
34/34 - 16s - loss: 13.1234 - accuracy: 0.6595 - val_loss: 18.5257 - val_accuracy: 0.0117

Epoch 00010: val_loss did not improve from 15.38699
Epoch 11/1000
34/34 - 16s - loss: 12.4747 - accuracy: 0.6664 - val_loss: 15.2090 - val_accuracy: 0.1992

Epoch 00011: val_loss improved from 15.38699 to 15.20905, saving model to ./save/CNN_RNN_Resnet_10_use_mp_alpha_0.1_res_num_5_opt_SGD_fold_1.hdf5
Epoch 12/1000
34/34 - 16s - loss: 11.9516 - accuracy: 0.6778 - val_loss: 15.4419 - val_accuracy: 0.1680

Epoch 00012: val_loss did not improve from 15.20905
Epoch 13/1000
34/34 - 16s - loss: 11.3633 - accuracy: 0.6641 - val_loss: 13.8039 - val_accuracy: 0.3125

Epoch 00013: val_loss improved from 15.20905 to 13.80388, saving model to ./save/CNN_RNN_Resnet_10_use_mp_alpha_0.1_res_num_5_opt_SGD_fold_1.hdf5
Epoch 14/1000
34/34 - 16s - loss: 10.6500 - accuracy: 0.7031 - val_loss: 12.2990 - val_accuracy: 0.4258

Epoch 00014: val_loss improved from 13.80388 to 12.29902, saving model to ./save/CNN_RNN_Resnet_10_use_mp_alpha_0.1_res_num_5_opt_SGD_fold_1.hdf5
Epoch 15/1000
34/34 - 16s - loss: 10.1932 - accuracy: 0.6930 - val_loss: 12.7227 - val_accuracy: 0.1953

Epoch 00015: val_loss did not improve from 12.29902
Epoch 16/1000
34/34 - 16s - loss: 9.8020 - accuracy: 0.6939 - val_loss: 10.4803 - val_accuracy: 0.5391

Epoch 00016: val_loss improved from 12.29902 to 10.48027, saving model to ./save/CNN_RNN_Resnet_10_use_mp_alpha_0.1_res_num_5_opt_SGD_fold_1.hdf5
Epoch 17/1000
34/34 - 16s - loss: 9.5431 - accuracy: 0.6953 - val_loss: 10.9009 - val_accuracy: 0.3750

Epoch 00017: val_loss did not improve from 10.48027
Epoch 18/1000
34/34 - 16s - loss: 8.9393 - accuracy: 0.7330 - val_loss: 10.1493 - val_accuracy: 0.4375

Epoch 00018: val_loss improved from 10.48027 to 10.14932, saving model to ./save/CNN_RNN_Resnet_10_use_mp_alpha_0.1_res_num_5_opt_SGD_fold_1.hdf5
Epoch 19/1000
34/34 - 16s - loss: 8.5601 - accuracy: 0.6903 - val_loss: 9.2046 - val_accuracy: 0.5469

Epoch 00019: val_loss improved from 10.14932 to 9.20463, saving model to ./save/CNN_RNN_Resnet_10_use_mp_alpha_0.1_res_num_5_opt_SGD_fold_1.hdf5
Epoch 20/1000
34/34 - 16s - loss: 8.2228 - accuracy: 0.7082 - val_loss: 9.5093 - val_accuracy: 0.4141

Epoch 00020: val_loss did not improve from 9.20463
Epoch 21/1000
34/34 - 16s - loss: 7.7684 - accuracy: 0.7247 - val_loss: 9.6981 - val_accuracy: 0.5508

Epoch 00021: val_loss did not improve from 9.20463
Epoch 22/1000
34/34 - 16s - loss: 7.4712 - accuracy: 0.7316 - val_loss: 9.7070 - val_accuracy: 0.3594

Epoch 00022: val_loss did not improve from 9.20463
Epoch 23/1000
34/34 - 16s - loss: 7.0956 - accuracy: 0.7344 - val_loss: 7.5414 - val_accuracy: 0.6016

Epoch 00023: val_loss improved from 9.20463 to 7.54135, saving model to ./save/CNN_RNN_Resnet_10_use_mp_alpha_0.1_res_num_5_opt_SGD_fold_1.hdf5
Epoch 24/1000
34/34 - 16s - loss: 6.8376 - accuracy: 0.7183 - val_loss: 8.1185 - val_accuracy: 0.5156

Epoch 00024: val_loss did not improve from 7.54135
Epoch 25/1000
34/34 - 16s - loss: 6.4742 - accuracy: 0.7243 - val_loss: 6.7673 - val_accuracy: 0.6250

Epoch 00025: val_loss improved from 7.54135 to 6.76730, saving model to ./save/CNN_RNN_Resnet_10_use_mp_alpha_0.1_res_num_5_opt_SGD_fold_1.hdf5
Epoch 26/1000
34/34 - 16s - loss: 6.9155 - accuracy: 0.7142 - val_loss: 6.7117 - val_accuracy: 0.6211

Epoch 00026: val_loss improved from 6.76730 to 6.71166, saving model to ./save/CNN_RNN_Resnet_10_use_mp_alpha_0.1_res_num_5_opt_SGD_fold_1.hdf5
Epoch 27/1000
34/34 - 16s - loss: 5.9740 - accuracy: 0.7289 - val_loss: 6.3972 - val_accuracy: 0.6094

Epoch 00027: val_loss improved from 6.71166 to 6.39719, saving model to ./save/CNN_RNN_Resnet_10_use_mp_alpha_0.1_res_num_5_opt_SGD_fold_1.hdf5
Epoch 28/1000
34/34 - 16s - loss: 5.7054 - accuracy: 0.7275 - val_loss: 6.9326 - val_accuracy: 0.4180

Epoch 00028: val_loss did not improve from 6.39719
Epoch 29/1000
34/34 - 16s - loss: 5.4489 - accuracy: 0.7491 - val_loss: 6.3471 - val_accuracy: 0.5352

Epoch 00029: val_loss improved from 6.39719 to 6.34707, saving model to ./save/CNN_RNN_Resnet_10_use_mp_alpha_0.1_res_num_5_opt_SGD_fold_1.hdf5
Epoch 30/1000
34/34 - 16s - loss: 5.2245 - accuracy: 0.7335 - val_loss: 5.4940 - val_accuracy: 0.6445

Epoch 00030: val_loss improved from 6.34707 to 5.49403, saving model to ./save/CNN_RNN_Resnet_10_use_mp_alpha_0.1_res_num_5_opt_SGD_fold_1.hdf5
Epoch 31/1000
34/34 - 16s - loss: 5.5818 - accuracy: 0.7325 - val_loss: 6.2450 - val_accuracy: 0.5586

Epoch 00031: val_loss did not improve from 5.49403
Epoch 32/1000
34/34 - 16s - loss: 5.0270 - accuracy: 0.7307 - val_loss: 5.3665 - val_accuracy: 0.6250

Epoch 00032: val_loss improved from 5.49403 to 5.36653, saving model to ./save/CNN_RNN_Resnet_10_use_mp_alpha_0.1_res_num_5_opt_SGD_fold_1.hdf5
Epoch 33/1000
34/34 - 16s - loss: 4.7110 - accuracy: 0.7344 - val_loss: 5.7157 - val_accuracy: 0.5117

Epoch 00033: val_loss did not improve from 5.36653
Epoch 34/1000
34/34 - 16s - loss: 4.5475 - accuracy: 0.7238 - val_loss: 5.6957 - val_accuracy: 0.5430

Epoch 00034: val_loss did not improve from 5.36653
Epoch 35/1000
34/34 - 16s - loss: 4.2688 - accuracy: 0.7601 - val_loss: 4.6828 - val_accuracy: 0.6641

Epoch 00035: val_loss improved from 5.36653 to 4.68276, saving model to ./save/CNN_RNN_Resnet_10_use_mp_alpha_0.1_res_num_5_opt_SGD_fold_1.hdf5
Epoch 36/1000
34/34 - 16s - loss: 4.3000 - accuracy: 0.7417 - val_loss: 5.7119 - val_accuracy: 0.5039

Epoch 00036: val_loss did not improve from 4.68276
Epoch 37/1000
34/34 - 16s - loss: 4.1703 - accuracy: 0.7362 - val_loss: 4.2492 - val_accuracy: 0.6562

Epoch 00037: val_loss improved from 4.68276 to 4.24922, saving model to ./save/CNN_RNN_Resnet_10_use_mp_alpha_0.1_res_num_5_opt_SGD_fold_1.hdf5
Epoch 38/1000
34/34 - 16s - loss: 3.7582 - accuracy: 0.7638 - val_loss: 4.2823 - val_accuracy: 0.6641

Epoch 00038: val_loss did not improve from 4.24922
Epoch 39/1000
34/34 - 16s - loss: 3.8143 - accuracy: 0.7523 - val_loss: 6.7199 - val_accuracy: 0.2930

Epoch 00039: val_loss did not improve from 4.24922
Epoch 40/1000
34/34 - 16s - loss: 3.5032 - accuracy: 0.7624 - val_loss: 5.3941 - val_accuracy: 0.3984

Epoch 00040: val_loss did not improve from 4.24922
Epoch 41/1000
34/34 - 16s - loss: 3.3784 - accuracy: 0.7629 - val_loss: 4.2010 - val_accuracy: 0.6211

Epoch 00041: val_loss improved from 4.24922 to 4.20100, saving model to ./save/CNN_RNN_Resnet_10_use_mp_alpha_0.1_res_num_5_opt_SGD_fold_1.hdf5
Epoch 42/1000
34/34 - 16s - loss: 3.4704 - accuracy: 0.7601 - val_loss: 5.0329 - val_accuracy: 0.4570

Epoch 00042: val_loss did not improve from 4.20100
Epoch 43/1000
34/34 - 16s - loss: 3.2453 - accuracy: 0.7560 - val_loss: 6.9839 - val_accuracy: 0.2812

Epoch 00043: val_loss did not improve from 4.20100
Epoch 44/1000
34/34 - 16s - loss: 3.2720 - accuracy: 0.7477 - val_loss: 3.5647 - val_accuracy: 0.6328

Epoch 00044: val_loss improved from 4.20100 to 3.56475, saving model to ./save/CNN_RNN_Resnet_10_use_mp_alpha_0.1_res_num_5_opt_SGD_fold_1.hdf5
Epoch 45/1000
34/34 - 16s - loss: 3.0268 - accuracy: 0.7707 - val_loss: 4.0024 - val_accuracy: 0.5898

Epoch 00045: val_loss did not improve from 3.56475
Epoch 46/1000
34/34 - 16s - loss: 3.0224 - accuracy: 0.7560 - val_loss: 3.4203 - val_accuracy: 0.6250

Epoch 00046: val_loss improved from 3.56475 to 3.42031, saving model to ./save/CNN_RNN_Resnet_10_use_mp_alpha_0.1_res_num_5_opt_SGD_fold_1.hdf5
Epoch 47/1000
34/34 - 16s - loss: 3.0009 - accuracy: 0.7482 - val_loss: 3.3023 - val_accuracy: 0.6211

Epoch 00047: val_loss improved from 3.42031 to 3.30227, saving model to ./save/CNN_RNN_Resnet_10_use_mp_alpha_0.1_res_num_5_opt_SGD_fold_1.hdf5
Epoch 48/1000
34/34 - 16s - loss: 2.8217 - accuracy: 0.7472 - val_loss: 3.5026 - val_accuracy: 0.5820

Epoch 00048: val_loss did not improve from 3.30227
Epoch 49/1000
34/34 - 16s - loss: 2.7311 - accuracy: 0.7574 - val_loss: 3.8684 - val_accuracy: 0.5547

Epoch 00049: val_loss did not improve from 3.30227
Epoch 50/1000
34/34 - 16s - loss: 2.7207 - accuracy: 0.7610 - val_loss: 4.1078 - val_accuracy: 0.5664

Epoch 00050: val_loss did not improve from 3.30227
Epoch 51/1000
34/34 - 16s - loss: 2.6517 - accuracy: 0.7509 - val_loss: 4.1015 - val_accuracy: 0.5117

Epoch 00051: val_loss did not improve from 3.30227

Epoch 00051: ReduceLROnPlateau reducing learning rate to 0.10000000149011612.
Epoch 52/1000
34/34 - 16s - loss: 2.3120 - accuracy: 0.7822 - val_loss: 2.9377 - val_accuracy: 0.6602

Epoch 00052: val_loss improved from 3.30227 to 2.93771, saving model to ./save/CNN_RNN_Resnet_10_use_mp_alpha_0.1_res_num_5_opt_SGD_fold_1.hdf5
Epoch 53/1000
34/34 - 16s - loss: 2.1713 - accuracy: 0.8010 - val_loss: 2.8392 - val_accuracy: 0.6602

Epoch 00053: val_loss improved from 2.93771 to 2.83918, saving model to ./save/CNN_RNN_Resnet_10_use_mp_alpha_0.1_res_num_5_opt_SGD_fold_1.hdf5
Epoch 54/1000
34/34 - 16s - loss: 2.1098 - accuracy: 0.8120 - val_loss: 2.4187 - val_accuracy: 0.6953

Epoch 00054: val_loss improved from 2.83918 to 2.41870, saving model to ./save/CNN_RNN_Resnet_10_use_mp_alpha_0.1_res_num_5_opt_SGD_fold_1.hdf5
Epoch 55/1000
34/34 - 16s - loss: 2.0228 - accuracy: 0.8180 - val_loss: 2.6709 - val_accuracy: 0.6602

Epoch 00055: val_loss did not improve from 2.41870
Epoch 56/1000
34/34 - 16s - loss: 1.9987 - accuracy: 0.8203 - val_loss: 2.6863 - val_accuracy: 0.6836

Epoch 00056: val_loss did not improve from 2.41870
Epoch 57/1000
34/34 - 16s - loss: 1.9543 - accuracy: 0.8176 - val_loss: 2.7428 - val_accuracy: 0.6602

Epoch 00057: val_loss did not improve from 2.41870
Epoch 58/1000
34/34 - 16s - loss: 1.9134 - accuracy: 0.8189 - val_loss: 3.4496 - val_accuracy: 0.5391

Epoch 00058: val_loss did not improve from 2.41870

Epoch 00058: ReduceLROnPlateau reducing learning rate to 0.05000000074505806.
Epoch 59/1000
34/34 - 16s - loss: 1.7937 - accuracy: 0.8415 - val_loss: 2.7044 - val_accuracy: 0.6133

Epoch 00059: val_loss did not improve from 2.41870
Epoch 60/1000
34/34 - 16s - loss: 1.7077 - accuracy: 0.8497 - val_loss: 2.4291 - val_accuracy: 0.6719

Epoch 00060: val_loss did not improve from 2.41870
Epoch 61/1000
34/34 - 16s - loss: 1.6563 - accuracy: 0.8644 - val_loss: 2.3812 - val_accuracy: 0.6523

Epoch 00061: val_loss improved from 2.41870 to 2.38121, saving model to ./save/CNN_RNN_Resnet_10_use_mp_alpha_0.1_res_num_5_opt_SGD_fold_1.hdf5
Epoch 62/1000
34/34 - 16s - loss: 1.6759 - accuracy: 0.8511 - val_loss: 2.2040 - val_accuracy: 0.7070

Epoch 00062: val_loss improved from 2.38121 to 2.20397, saving model to ./save/CNN_RNN_Resnet_10_use_mp_alpha_0.1_res_num_5_opt_SGD_fold_1.hdf5
Epoch 63/1000
34/34 - 16s - loss: 1.6293 - accuracy: 0.8658 - val_loss: 2.0906 - val_accuracy: 0.7344

Epoch 00063: val_loss improved from 2.20397 to 2.09062, saving model to ./save/CNN_RNN_Resnet_10_use_mp_alpha_0.1_res_num_5_opt_SGD_fold_1.hdf5
Epoch 64/1000
34/34 - 16s - loss: 1.6497 - accuracy: 0.8603 - val_loss: 2.1614 - val_accuracy: 0.7227

Epoch 00064: val_loss did not improve from 2.09062
Epoch 65/1000
34/34 - 16s - loss: 1.5580 - accuracy: 0.8750 - val_loss: 2.0448 - val_accuracy: 0.7656

Epoch 00065: val_loss improved from 2.09062 to 2.04481, saving model to ./save/CNN_RNN_Resnet_10_use_mp_alpha_0.1_res_num_5_opt_SGD_fold_1.hdf5
Epoch 66/1000
34/34 - 16s - loss: 1.6117 - accuracy: 0.8598 - val_loss: 2.1034 - val_accuracy: 0.7266

Epoch 00066: val_loss did not improve from 2.04481
Epoch 67/1000
34/34 - 16s - loss: 1.5499 - accuracy: 0.8732 - val_loss: 2.0681 - val_accuracy: 0.7344

Epoch 00067: val_loss did not improve from 2.04481
Epoch 68/1000
34/34 - 16s - loss: 1.5513 - accuracy: 0.8649 - val_loss: 2.1762 - val_accuracy: 0.7109

Epoch 00068: val_loss did not improve from 2.04481
Epoch 69/1000
34/34 - 16s - loss: 1.5265 - accuracy: 0.8690 - val_loss: 2.8309 - val_accuracy: 0.5781

Epoch 00069: val_loss did not improve from 2.04481

Epoch 00069: ReduceLROnPlateau reducing learning rate to 0.02500000037252903.
Epoch 70/1000
34/34 - 16s - loss: 1.5113 - accuracy: 0.8635 - val_loss: 2.2419 - val_accuracy: 0.6992

Epoch 00070: val_loss did not improve from 2.04481
Epoch 71/1000
34/34 - 16s - loss: 1.4139 - accuracy: 0.8860 - val_loss: 2.0810 - val_accuracy: 0.7188

Epoch 00071: val_loss did not improve from 2.04481
Epoch 72/1000
34/34 - 16s - loss: 1.4161 - accuracy: 0.8851 - val_loss: 1.9257 - val_accuracy: 0.7656

Epoch 00072: val_loss improved from 2.04481 to 1.92569, saving model to ./save/CNN_RNN_Resnet_10_use_mp_alpha_0.1_res_num_5_opt_SGD_fold_1.hdf5
Epoch 73/1000
34/34 - 16s - loss: 1.3950 - accuracy: 0.8915 - val_loss: 1.8462 - val_accuracy: 0.7461

Epoch 00073: val_loss improved from 1.92569 to 1.84620, saving model to ./save/CNN_RNN_Resnet_10_use_mp_alpha_0.1_res_num_5_opt_SGD_fold_1.hdf5
Epoch 74/1000
34/34 - 16s - loss: 1.4242 - accuracy: 0.8755 - val_loss: 1.8197 - val_accuracy: 0.7891

Epoch 00074: val_loss improved from 1.84620 to 1.81966, saving model to ./save/CNN_RNN_Resnet_10_use_mp_alpha_0.1_res_num_5_opt_SGD_fold_1.hdf5
Epoch 75/1000
34/34 - 16s - loss: 1.4103 - accuracy: 0.8819 - val_loss: 1.9196 - val_accuracy: 0.7539

Epoch 00075: val_loss did not improve from 1.81966
Epoch 76/1000
34/34 - 16s - loss: 1.3695 - accuracy: 0.8925 - val_loss: 1.8312 - val_accuracy: 0.7852

Epoch 00076: val_loss did not improve from 1.81966
Epoch 77/1000
34/34 - 16s - loss: 1.3307 - accuracy: 0.9076 - val_loss: 1.7569 - val_accuracy: 0.7578

Epoch 00077: val_loss improved from 1.81966 to 1.75692, saving model to ./save/CNN_RNN_Resnet_10_use_mp_alpha_0.1_res_num_5_opt_SGD_fold_1.hdf5
Epoch 78/1000
34/34 - 16s - loss: 1.3233 - accuracy: 0.9026 - val_loss: 1.8635 - val_accuracy: 0.7578

Epoch 00078: val_loss did not improve from 1.75692
Epoch 79/1000
34/34 - 16s - loss: 1.3684 - accuracy: 0.8892 - val_loss: 1.9639 - val_accuracy: 0.7344

Epoch 00079: val_loss did not improve from 1.75692
Epoch 80/1000
34/34 - 16s - loss: 1.3050 - accuracy: 0.9095 - val_loss: 1.7587 - val_accuracy: 0.7656

Epoch 00080: val_loss did not improve from 1.75692
Epoch 81/1000
34/34 - 16s - loss: 1.2960 - accuracy: 0.9053 - val_loss: 1.8522 - val_accuracy: 0.7539

Epoch 00081: val_loss did not improve from 1.75692

Epoch 00081: ReduceLROnPlateau reducing learning rate to 0.012500000186264515.
Epoch 82/1000
34/34 - 16s - loss: 1.2467 - accuracy: 0.9182 - val_loss: 1.7674 - val_accuracy: 0.7734

Epoch 00082: val_loss did not improve from 1.75692
Epoch 83/1000
34/34 - 16s - loss: 1.2307 - accuracy: 0.9187 - val_loss: 1.7654 - val_accuracy: 0.7578

Epoch 00083: val_loss did not improve from 1.75692
Epoch 84/1000
34/34 - 16s - loss: 1.2596 - accuracy: 0.9062 - val_loss: 1.7223 - val_accuracy: 0.7734

Epoch 00084: val_loss improved from 1.75692 to 1.72225, saving model to ./save/CNN_RNN_Resnet_10_use_mp_alpha_0.1_res_num_5_opt_SGD_fold_1.hdf5
Epoch 85/1000
34/34 - 16s - loss: 1.1991 - accuracy: 0.9301 - val_loss: 1.7496 - val_accuracy: 0.7500

Epoch 00085: val_loss did not improve from 1.72225
Epoch 86/1000
34/34 - 16s - loss: 1.1763 - accuracy: 0.9283 - val_loss: 1.6361 - val_accuracy: 0.7812

Epoch 00086: val_loss improved from 1.72225 to 1.63612, saving model to ./save/CNN_RNN_Resnet_10_use_mp_alpha_0.1_res_num_5_opt_SGD_fold_1.hdf5
Epoch 87/1000
34/34 - 16s - loss: 1.2217 - accuracy: 0.9136 - val_loss: 1.7061 - val_accuracy: 0.7891

Epoch 00087: val_loss did not improve from 1.63612
Epoch 88/1000
34/34 - 16s - loss: 1.2251 - accuracy: 0.9145 - val_loss: 1.7913 - val_accuracy: 0.7578

Epoch 00088: val_loss did not improve from 1.63612
Epoch 89/1000
34/34 - 16s - loss: 1.2087 - accuracy: 0.9122 - val_loss: 1.7225 - val_accuracy: 0.7695

Epoch 00089: val_loss did not improve from 1.63612
Epoch 90/1000
34/34 - 16s - loss: 1.2275 - accuracy: 0.9136 - val_loss: 1.6542 - val_accuracy: 0.8086

Epoch 00090: val_loss did not improve from 1.63612

Epoch 00090: ReduceLROnPlateau reducing learning rate to 0.0062500000931322575.
Epoch 91/1000
34/34 - 16s - loss: 1.1712 - accuracy: 0.9288 - val_loss: 1.5541 - val_accuracy: 0.8164

Epoch 00091: val_loss improved from 1.63612 to 1.55410, saving model to ./save/CNN_RNN_Resnet_10_use_mp_alpha_0.1_res_num_5_opt_SGD_fold_1.hdf5
Epoch 92/1000
34/34 - 16s - loss: 1.1404 - accuracy: 0.9435 - val_loss: 1.5993 - val_accuracy: 0.8203

Epoch 00092: val_loss did not improve from 1.55410
Epoch 93/1000
34/34 - 16s - loss: 1.1179 - accuracy: 0.9421 - val_loss: 1.5606 - val_accuracy: 0.8047

Epoch 00093: val_loss did not improve from 1.55410
Epoch 94/1000
34/34 - 16s - loss: 1.1590 - accuracy: 0.9306 - val_loss: 1.5091 - val_accuracy: 0.8242

Epoch 00094: val_loss improved from 1.55410 to 1.50905, saving model to ./save/CNN_RNN_Resnet_10_use_mp_alpha_0.1_res_num_5_opt_SGD_fold_1.hdf5
Epoch 95/1000
34/34 - 16s - loss: 1.1294 - accuracy: 0.9347 - val_loss: 1.5269 - val_accuracy: 0.8164

Epoch 00095: val_loss did not improve from 1.50905
Epoch 96/1000
34/34 - 16s - loss: 1.1588 - accuracy: 0.9214 - val_loss: 1.8911 - val_accuracy: 0.7773

Epoch 00096: val_loss did not improve from 1.50905
Epoch 97/1000
34/34 - 16s - loss: 1.1299 - accuracy: 0.9301 - val_loss: 1.5223 - val_accuracy: 0.8398

Epoch 00097: val_loss did not improve from 1.50905
Epoch 98/1000
34/34 - 16s - loss: 1.1336 - accuracy: 0.9315 - val_loss: 1.5948 - val_accuracy: 0.7969

Epoch 00098: val_loss did not improve from 1.50905

Epoch 00098: ReduceLROnPlateau reducing learning rate to 0.0031250000465661287.
Epoch 99/1000
34/34 - 16s - loss: 1.1321 - accuracy: 0.9283 - val_loss: 1.5389 - val_accuracy: 0.8281

Epoch 00099: val_loss did not improve from 1.50905
Epoch 100/1000
34/34 - 16s - loss: 1.1141 - accuracy: 0.9398 - val_loss: 1.5144 - val_accuracy: 0.8320

Epoch 00100: val_loss did not improve from 1.50905
Epoch 101/1000
34/34 - 16s - loss: 1.1377 - accuracy: 0.9214 - val_loss: 1.5880 - val_accuracy: 0.8164

Epoch 00101: val_loss did not improve from 1.50905
Epoch 102/1000
34/34 - 16s - loss: 1.1082 - accuracy: 0.9375 - val_loss: 1.5363 - val_accuracy: 0.8320

Epoch 00102: val_loss did not improve from 1.50905

Epoch 00102: ReduceLROnPlateau reducing learning rate to 0.0015625000232830644.
Epoch 103/1000
34/34 - 16s - loss: 1.0680 - accuracy: 0.9531 - val_loss: 1.5145 - val_accuracy: 0.8320

Epoch 00103: val_loss did not improve from 1.50905
Epoch 104/1000
34/34 - 16s - loss: 1.0774 - accuracy: 0.9522 - val_loss: 1.5185 - val_accuracy: 0.8320

Epoch 00104: val_loss did not improve from 1.50905
Epoch 105/1000
34/34 - 16s - loss: 1.0883 - accuracy: 0.9458 - val_loss: 1.5280 - val_accuracy: 0.8359

Epoch 00105: val_loss did not improve from 1.50905
Epoch 106/1000
34/34 - 16s - loss: 1.0881 - accuracy: 0.9462 - val_loss: 1.4507 - val_accuracy: 0.8438

Epoch 00106: val_loss improved from 1.50905 to 1.45073, saving model to ./save/CNN_RNN_Resnet_10_use_mp_alpha_0.1_res_num_5_opt_SGD_fold_1.hdf5
Epoch 107/1000
34/34 - 16s - loss: 1.0819 - accuracy: 0.9416 - val_loss: 1.5252 - val_accuracy: 0.8164

Epoch 00107: val_loss did not improve from 1.45073
Epoch 108/1000
34/34 - 16s - loss: 1.0585 - accuracy: 0.9577 - val_loss: 1.5320 - val_accuracy: 0.8125

Epoch 00108: val_loss did not improve from 1.45073
Epoch 109/1000
34/34 - 16s - loss: 1.0645 - accuracy: 0.9527 - val_loss: 1.5175 - val_accuracy: 0.8281

Epoch 00109: val_loss did not improve from 1.45073
Epoch 110/1000
34/34 - 16s - loss: 1.0803 - accuracy: 0.9407 - val_loss: 1.4552 - val_accuracy: 0.8398

Epoch 00110: val_loss did not improve from 1.45073

Epoch 00110: ReduceLROnPlateau reducing learning rate to 0.0007812500116415322.
Epoch 111/1000
34/34 - 16s - loss: 1.0608 - accuracy: 0.9481 - val_loss: 1.4832 - val_accuracy: 0.8203

Epoch 00111: val_loss did not improve from 1.45073
Epoch 112/1000
34/34 - 16s - loss: 1.0528 - accuracy: 0.9545 - val_loss: 1.4835 - val_accuracy: 0.8242

Epoch 00112: val_loss did not improve from 1.45073
Epoch 113/1000
34/34 - 16s - loss: 1.0794 - accuracy: 0.9439 - val_loss: 1.4656 - val_accuracy: 0.8359

Epoch 00113: val_loss did not improve from 1.45073
Epoch 114/1000
34/34 - 16s - loss: 1.0526 - accuracy: 0.9568 - val_loss: 1.4565 - val_accuracy: 0.8242

Epoch 00114: val_loss did not improve from 1.45073

Epoch 00114: ReduceLROnPlateau reducing learning rate to 0.0003906250058207661.
Epoch 115/1000
34/34 - 16s - loss: 1.0586 - accuracy: 0.9476 - val_loss: 1.5069 - val_accuracy: 0.8242

Epoch 00115: val_loss did not improve from 1.45073
Epoch 116/1000
34/34 - 16s - loss: 1.0538 - accuracy: 0.9540 - val_loss: 1.4839 - val_accuracy: 0.8359

Epoch 00116: val_loss did not improve from 1.45073
Epoch 117/1000
34/34 - 16s - loss: 1.0359 - accuracy: 0.9614 - val_loss: 1.4588 - val_accuracy: 0.8359

Epoch 00117: val_loss did not improve from 1.45073
Epoch 118/1000
34/34 - 16s - loss: 1.0473 - accuracy: 0.9600 - val_loss: 1.5032 - val_accuracy: 0.8281

Epoch 00118: val_loss did not improve from 1.45073

Epoch 00118: ReduceLROnPlateau reducing learning rate to 0.00019531250291038305.
Epoch 119/1000
34/34 - 16s - loss: 1.0718 - accuracy: 0.9508 - val_loss: 1.4748 - val_accuracy: 0.8320

Epoch 00119: val_loss did not improve from 1.45073
Epoch 120/1000
34/34 - 16s - loss: 1.0503 - accuracy: 0.9550 - val_loss: 1.5078 - val_accuracy: 0.8242

Epoch 00120: val_loss did not improve from 1.45073
Epoch 121/1000
34/34 - 16s - loss: 1.0479 - accuracy: 0.9568 - val_loss: 1.4981 - val_accuracy: 0.8281

Epoch 00121: val_loss did not improve from 1.45073
Epoch 122/1000
34/34 - 16s - loss: 1.0819 - accuracy: 0.9412 - val_loss: 1.4667 - val_accuracy: 0.8320

Epoch 00122: val_loss did not improve from 1.45073

Epoch 00122: ReduceLROnPlateau reducing learning rate to 9.765625145519152e-05.
Epoch 123/1000
34/34 - 16s - loss: 1.0505 - accuracy: 0.9563 - val_loss: 1.4911 - val_accuracy: 0.8320

Epoch 00123: val_loss did not improve from 1.45073
Epoch 124/1000
34/34 - 16s - loss: 1.0398 - accuracy: 0.9596 - val_loss: 1.4904 - val_accuracy: 0.8242

Epoch 00124: val_loss did not improve from 1.45073
Epoch 125/1000
34/34 - 16s - loss: 1.0619 - accuracy: 0.9563 - val_loss: 1.5007 - val_accuracy: 0.8242

Epoch 00125: val_loss did not improve from 1.45073
Epoch 126/1000
34/34 - 16s - loss: 1.0629 - accuracy: 0.9476 - val_loss: 1.5033 - val_accuracy: 0.8281

Epoch 00126: val_loss did not improve from 1.45073

Epoch 00126: ReduceLROnPlateau reducing learning rate to 4.882812572759576e-05.
Epoch 127/1000
34/34 - 16s - loss: 1.0525 - accuracy: 0.9573 - val_loss: 1.4842 - val_accuracy: 0.8281

Epoch 00127: val_loss did not improve from 1.45073
Epoch 128/1000
34/34 - 16s - loss: 1.0232 - accuracy: 0.9683 - val_loss: 1.4363 - val_accuracy: 0.8398

Epoch 00128: val_loss improved from 1.45073 to 1.43628, saving model to ./save/CNN_RNN_Resnet_10_use_mp_alpha_0.1_res_num_5_opt_SGD_fold_1.hdf5
Epoch 129/1000
34/34 - 16s - loss: 1.0621 - accuracy: 0.9517 - val_loss: 1.4982 - val_accuracy: 0.8281

Epoch 00129: val_loss did not improve from 1.43628
Epoch 130/1000
34/34 - 16s - loss: 1.0420 - accuracy: 0.9513 - val_loss: 1.4842 - val_accuracy: 0.8398

Epoch 00130: val_loss did not improve from 1.43628
Epoch 131/1000
34/34 - 16s - loss: 1.0447 - accuracy: 0.9577 - val_loss: 1.4982 - val_accuracy: 0.8281

Epoch 00131: val_loss did not improve from 1.43628
Epoch 132/1000
34/34 - 16s - loss: 1.0352 - accuracy: 0.9591 - val_loss: 1.4984 - val_accuracy: 0.8242

Epoch 00132: val_loss did not improve from 1.43628

Epoch 00132: ReduceLROnPlateau reducing learning rate to 2.441406286379788e-05.
Epoch 133/1000
34/34 - 16s - loss: 1.0495 - accuracy: 0.9605 - val_loss: 1.5000 - val_accuracy: 0.8320

Epoch 00133: val_loss did not improve from 1.43628
Epoch 134/1000
34/34 - 16s - loss: 1.0595 - accuracy: 0.9462 - val_loss: 1.4898 - val_accuracy: 0.8320

Epoch 00134: val_loss did not improve from 1.43628
Epoch 135/1000
34/34 - 16s - loss: 1.0621 - accuracy: 0.9517 - val_loss: 1.5052 - val_accuracy: 0.8242

Epoch 00135: val_loss did not improve from 1.43628
Epoch 136/1000
34/34 - 16s - loss: 1.0417 - accuracy: 0.9600 - val_loss: 1.5176 - val_accuracy: 0.8203

Epoch 00136: val_loss did not improve from 1.43628

Epoch 00136: ReduceLROnPlateau reducing learning rate to 1.220703143189894e-05.
Epoch 137/1000
34/34 - 16s - loss: 1.0416 - accuracy: 0.9536 - val_loss: 1.4732 - val_accuracy: 0.8320

Epoch 00137: val_loss did not improve from 1.43628
Epoch 138/1000
34/34 - 16s - loss: 1.0648 - accuracy: 0.9563 - val_loss: 1.5173 - val_accuracy: 0.8203

Epoch 00138: val_loss did not improve from 1.43628
Epoch 139/1000
34/34 - 16s - loss: 1.0296 - accuracy: 0.9614 - val_loss: 1.4707 - val_accuracy: 0.8203

Epoch 00139: val_loss did not improve from 1.43628
Epoch 140/1000
34/34 - 16s - loss: 1.0363 - accuracy: 0.9573 - val_loss: 1.4777 - val_accuracy: 0.8320

Epoch 00140: val_loss did not improve from 1.43628

Epoch 00140: ReduceLROnPlateau reducing learning rate to 6.10351571594947e-06.
Epoch 141/1000
34/34 - 16s - loss: 1.0299 - accuracy: 0.9655 - val_loss: 1.4957 - val_accuracy: 0.8281

Epoch 00141: val_loss did not improve from 1.43628
Epoch 142/1000
34/34 - 16s - loss: 1.0792 - accuracy: 0.9421 - val_loss: 1.5084 - val_accuracy: 0.8242

Epoch 00142: val_loss did not improve from 1.43628
Epoch 143/1000
34/34 - 16s - loss: 1.0427 - accuracy: 0.9531 - val_loss: 1.4929 - val_accuracy: 0.8281

Epoch 00143: val_loss did not improve from 1.43628
Epoch 144/1000
34/34 - 16s - loss: 1.0605 - accuracy: 0.9449 - val_loss: 1.5110 - val_accuracy: 0.8203

Epoch 00144: val_loss did not improve from 1.43628

Epoch 00144: ReduceLROnPlateau reducing learning rate to 3.051757857974735e-06.
Epoch 145/1000
34/34 - 16s - loss: 1.0536 - accuracy: 0.9554 - val_loss: 1.5175 - val_accuracy: 0.8203

Epoch 00145: val_loss did not improve from 1.43628
Epoch 146/1000
34/34 - 16s - loss: 1.0420 - accuracy: 0.9568 - val_loss: 1.4919 - val_accuracy: 0.8242

Epoch 00146: val_loss did not improve from 1.43628
Epoch 147/1000
34/34 - 16s - loss: 1.0386 - accuracy: 0.9600 - val_loss: 1.5054 - val_accuracy: 0.8242

Epoch 00147: val_loss did not improve from 1.43628
Epoch 148/1000
34/34 - 16s - loss: 1.0555 - accuracy: 0.9481 - val_loss: 1.4883 - val_accuracy: 0.8281

Epoch 00148: val_loss did not improve from 1.43628

Epoch 00148: ReduceLROnPlateau reducing learning rate to 1.5258789289873675e-06.
Epoch 149/1000
34/34 - 16s - loss: 1.0601 - accuracy: 0.9554 - val_loss: 1.5144 - val_accuracy: 0.8164

Epoch 00149: val_loss did not improve from 1.43628
Epoch 150/1000
34/34 - 16s - loss: 1.0376 - accuracy: 0.9614 - val_loss: 1.4563 - val_accuracy: 0.8320

Epoch 00150: val_loss did not improve from 1.43628
Epoch 151/1000
34/34 - 16s - loss: 1.0789 - accuracy: 0.9472 - val_loss: 1.4385 - val_accuracy: 0.8359

Epoch 00151: val_loss did not improve from 1.43628
Epoch 152/1000
34/34 - 16s - loss: 1.0274 - accuracy: 0.9655 - val_loss: 1.4993 - val_accuracy: 0.8281

Epoch 00152: val_loss did not improve from 1.43628

Epoch 00152: ReduceLROnPlateau reducing learning rate to 7.629394644936838e-07.
Epoch 153/1000
34/34 - 16s - loss: 1.0698 - accuracy: 0.9430 - val_loss: 1.4772 - val_accuracy: 0.8281

Epoch 00153: val_loss did not improve from 1.43628
Epoch 154/1000
34/34 - 16s - loss: 1.0563 - accuracy: 0.9536 - val_loss: 1.4976 - val_accuracy: 0.8281

Epoch 00154: val_loss did not improve from 1.43628
Epoch 155/1000
34/34 - 16s - loss: 1.0312 - accuracy: 0.9637 - val_loss: 1.5074 - val_accuracy: 0.8242

Epoch 00155: val_loss did not improve from 1.43628
Epoch 156/1000
34/34 - 16s - loss: 1.0425 - accuracy: 0.9623 - val_loss: 1.5090 - val_accuracy: 0.8203

Epoch 00156: val_loss did not improve from 1.43628

Epoch 00156: ReduceLROnPlateau reducing learning rate to 3.814697322468419e-07.
Epoch 157/1000
34/34 - 16s - loss: 1.0446 - accuracy: 0.9531 - val_loss: 1.5029 - val_accuracy: 0.8281

Epoch 00157: val_loss did not improve from 1.43628
Epoch 158/1000
34/34 - 16s - loss: 1.0453 - accuracy: 0.9563 - val_loss: 1.4504 - val_accuracy: 0.8359

Epoch 00158: val_loss did not improve from 1.43628
Epoch 00158: early stopping
>> join - Process-1 at Mon Jul 26 09:52:29 2021
>> Process-1 spend 0h 44m 59.6s

>> start - Process-2 at Mon Jul 26 09:52:33 2021
Epoch 1/1000
35/35 - 88s - loss: 71.9127 - accuracy: 0.4710 - val_loss: 22.2032 - val_accuracy: 0.4727

Epoch 00001: val_loss improved from inf to 22.20324, saving model to ./save/CNN_RNN_Resnet_10_use_mp_alpha_0.1_res_num_5_opt_SGD_fold_5.hdf5
Epoch 2/1000
35/35 - 16s - loss: 19.8725 - accuracy: 0.5513 - val_loss: 21.3393 - val_accuracy: 0.4727

Epoch 00002: val_loss improved from 22.20324 to 21.33934, saving model to ./save/CNN_RNN_Resnet_10_use_mp_alpha_0.1_res_num_5_opt_SGD_fold_5.hdf5
Epoch 3/1000
35/35 - 17s - loss: 18.5672 - accuracy: 0.5893 - val_loss: 19.7400 - val_accuracy: 0.4688

Epoch 00003: val_loss improved from 21.33934 to 19.73997, saving model to ./save/CNN_RNN_Resnet_10_use_mp_alpha_0.1_res_num_5_opt_SGD_fold_5.hdf5
Epoch 4/1000
35/35 - 16s - loss: 17.6774 - accuracy: 0.5960 - val_loss: 19.3329 - val_accuracy: 0.4688

Epoch 00004: val_loss improved from 19.73997 to 19.33291, saving model to ./save/CNN_RNN_Resnet_10_use_mp_alpha_0.1_res_num_5_opt_SGD_fold_5.hdf5
Epoch 5/1000
35/35 - 16s - loss: 16.6780 - accuracy: 0.6263 - val_loss: 18.8672 - val_accuracy: 0.4727

Epoch 00005: val_loss improved from 19.33291 to 18.86719, saving model to ./save/CNN_RNN_Resnet_10_use_mp_alpha_0.1_res_num_5_opt_SGD_fold_5.hdf5
Epoch 6/1000
35/35 - 16s - loss: 15.8848 - accuracy: 0.6313 - val_loss: 18.1100 - val_accuracy: 0.3945

Epoch 00006: val_loss improved from 18.86719 to 18.11003, saving model to ./save/CNN_RNN_Resnet_10_use_mp_alpha_0.1_res_num_5_opt_SGD_fold_5.hdf5
Epoch 7/1000
35/35 - 16s - loss: 14.9942 - accuracy: 0.6411 - val_loss: 17.4563 - val_accuracy: 0.4531

Epoch 00007: val_loss improved from 18.11003 to 17.45630, saving model to ./save/CNN_RNN_Resnet_10_use_mp_alpha_0.1_res_num_5_opt_SGD_fold_5.hdf5
Epoch 8/1000
35/35 - 16s - loss: 14.2941 - accuracy: 0.6571 - val_loss: 16.7838 - val_accuracy: 0.3984

Epoch 00008: val_loss improved from 17.45630 to 16.78382, saving model to ./save/CNN_RNN_Resnet_10_use_mp_alpha_0.1_res_num_5_opt_SGD_fold_5.hdf5
Epoch 9/1000
35/35 - 16s - loss: 13.6784 - accuracy: 0.6576 - val_loss: 15.3759 - val_accuracy: 0.4766

Epoch 00009: val_loss improved from 16.78382 to 15.37586, saving model to ./save/CNN_RNN_Resnet_10_use_mp_alpha_0.1_res_num_5_opt_SGD_fold_5.hdf5
Epoch 10/1000
35/35 - 16s - loss: 12.9085 - accuracy: 0.6723 - val_loss: 15.0728 - val_accuracy: 0.4766

Epoch 00010: val_loss improved from 15.37586 to 15.07283, saving model to ./save/CNN_RNN_Resnet_10_use_mp_alpha_0.1_res_num_5_opt_SGD_fold_5.hdf5
Epoch 11/1000
35/35 - 16s - loss: 12.2435 - accuracy: 0.6665 - val_loss: 13.8019 - val_accuracy: 0.4727

Epoch 00011: val_loss improved from 15.07283 to 13.80188, saving model to ./save/CNN_RNN_Resnet_10_use_mp_alpha_0.1_res_num_5_opt_SGD_fold_5.hdf5
Epoch 12/1000
35/35 - 16s - loss: 11.8955 - accuracy: 0.6942 - val_loss: 14.8289 - val_accuracy: 0.0781

Epoch 00012: val_loss did not improve from 13.80188
Epoch 13/1000
35/35 - 16s - loss: 11.0471 - accuracy: 0.6897 - val_loss: 13.5028 - val_accuracy: 0.0859

Epoch 00013: val_loss improved from 13.80188 to 13.50282, saving model to ./save/CNN_RNN_Resnet_10_use_mp_alpha_0.1_res_num_5_opt_SGD_fold_5.hdf5
Epoch 14/1000
35/35 - 16s - loss: 10.5069 - accuracy: 0.7004 - val_loss: 11.9487 - val_accuracy: 0.3711

Epoch 00014: val_loss improved from 13.50282 to 11.94871, saving model to ./save/CNN_RNN_Resnet_10_use_mp_alpha_0.1_res_num_5_opt_SGD_fold_5.hdf5
Epoch 15/1000
35/35 - 16s - loss: 9.8287 - accuracy: 0.7103 - val_loss: 10.7324 - val_accuracy: 0.5742

Epoch 00015: val_loss improved from 11.94871 to 10.73236, saving model to ./save/CNN_RNN_Resnet_10_use_mp_alpha_0.1_res_num_5_opt_SGD_fold_5.hdf5
Epoch 16/1000
35/35 - 16s - loss: 9.6426 - accuracy: 0.6906 - val_loss: 11.2282 - val_accuracy: 0.5117

Epoch 00016: val_loss did not improve from 10.73236
Epoch 17/1000
35/35 - 16s - loss: 9.1832 - accuracy: 0.7027 - val_loss: 11.3817 - val_accuracy: 0.5078

Epoch 00017: val_loss did not improve from 10.73236
Epoch 18/1000
35/35 - 16s - loss: 8.6463 - accuracy: 0.7232 - val_loss: 9.5872 - val_accuracy: 0.5352

Epoch 00018: val_loss improved from 10.73236 to 9.58720, saving model to ./save/CNN_RNN_Resnet_10_use_mp_alpha_0.1_res_num_5_opt_SGD_fold_5.hdf5
Epoch 19/1000
35/35 - 17s - loss: 8.4257 - accuracy: 0.7036 - val_loss: 9.9380 - val_accuracy: 0.4609

Epoch 00019: val_loss did not improve from 9.58720
Epoch 20/1000
35/35 - 16s - loss: 7.9572 - accuracy: 0.6960 - val_loss: 8.5275 - val_accuracy: 0.5703

Epoch 00020: val_loss improved from 9.58720 to 8.52752, saving model to ./save/CNN_RNN_Resnet_10_use_mp_alpha_0.1_res_num_5_opt_SGD_fold_5.hdf5
Epoch 21/1000
35/35 - 16s - loss: 7.5897 - accuracy: 0.7067 - val_loss: 10.5021 - val_accuracy: 0.1719

Epoch 00021: val_loss did not improve from 8.52752
Epoch 22/1000
35/35 - 16s - loss: 7.3766 - accuracy: 0.7147 - val_loss: 7.4268 - val_accuracy: 0.6289

Epoch 00022: val_loss improved from 8.52752 to 7.42684, saving model to ./save/CNN_RNN_Resnet_10_use_mp_alpha_0.1_res_num_5_opt_SGD_fold_5.hdf5
Epoch 23/1000
35/35 - 16s - loss: 6.8965 - accuracy: 0.7295 - val_loss: 7.0279 - val_accuracy: 0.6289

Epoch 00023: val_loss improved from 7.42684 to 7.02790, saving model to ./save/CNN_RNN_Resnet_10_use_mp_alpha_0.1_res_num_5_opt_SGD_fold_5.hdf5
Epoch 24/1000
35/35 - 16s - loss: 6.6842 - accuracy: 0.7326 - val_loss: 6.8661 - val_accuracy: 0.6445

Epoch 00024: val_loss improved from 7.02790 to 6.86610, saving model to ./save/CNN_RNN_Resnet_10_use_mp_alpha_0.1_res_num_5_opt_SGD_fold_5.hdf5
Epoch 25/1000
35/35 - 17s - loss: 6.3255 - accuracy: 0.7223 - val_loss: 7.1287 - val_accuracy: 0.5859

Epoch 00025: val_loss did not improve from 6.86610
Epoch 26/1000
35/35 - 17s - loss: 6.0733 - accuracy: 0.7201 - val_loss: 6.4847 - val_accuracy: 0.6250

Epoch 00026: val_loss improved from 6.86610 to 6.48469, saving model to ./save/CNN_RNN_Resnet_10_use_mp_alpha_0.1_res_num_5_opt_SGD_fold_5.hdf5
Epoch 27/1000
35/35 - 16s - loss: 5.7346 - accuracy: 0.7353 - val_loss: 5.8190 - val_accuracy: 0.6328

Epoch 00027: val_loss improved from 6.48469 to 5.81903, saving model to ./save/CNN_RNN_Resnet_10_use_mp_alpha_0.1_res_num_5_opt_SGD_fold_5.hdf5
Epoch 28/1000
35/35 - 16s - loss: 5.5576 - accuracy: 0.7393 - val_loss: 5.6625 - val_accuracy: 0.6797

Epoch 00028: val_loss improved from 5.81903 to 5.66252, saving model to ./save/CNN_RNN_Resnet_10_use_mp_alpha_0.1_res_num_5_opt_SGD_fold_5.hdf5
Epoch 29/1000
35/35 - 16s - loss: 5.2792 - accuracy: 0.7348 - val_loss: 5.8317 - val_accuracy: 0.6367

Epoch 00029: val_loss did not improve from 5.66252
Epoch 30/1000
35/35 - 16s - loss: 5.0550 - accuracy: 0.7571 - val_loss: 5.8602 - val_accuracy: 0.6211

Epoch 00030: val_loss did not improve from 5.66252
Epoch 31/1000
35/35 - 16s - loss: 4.9907 - accuracy: 0.7312 - val_loss: 5.7106 - val_accuracy: 0.5469

Epoch 00031: val_loss did not improve from 5.66252
Epoch 32/1000
35/35 - 16s - loss: 4.6760 - accuracy: 0.7384 - val_loss: 4.8886 - val_accuracy: 0.6680

Epoch 00032: val_loss improved from 5.66252 to 4.88859, saving model to ./save/CNN_RNN_Resnet_10_use_mp_alpha_0.1_res_num_5_opt_SGD_fold_5.hdf5
Epoch 33/1000
35/35 - 16s - loss: 4.4911 - accuracy: 0.7406 - val_loss: 4.7255 - val_accuracy: 0.6523

Epoch 00033: val_loss improved from 4.88859 to 4.72553, saving model to ./save/CNN_RNN_Resnet_10_use_mp_alpha_0.1_res_num_5_opt_SGD_fold_5.hdf5
Epoch 34/1000
35/35 - 16s - loss: 4.2314 - accuracy: 0.7500 - val_loss: 5.1312 - val_accuracy: 0.6211

Epoch 00034: val_loss did not improve from 4.72553
Epoch 35/1000
35/35 - 16s - loss: 4.2147 - accuracy: 0.7375 - val_loss: 4.7463 - val_accuracy: 0.6055

Epoch 00035: val_loss did not improve from 4.72553
Epoch 36/1000
35/35 - 16s - loss: 4.0165 - accuracy: 0.7500 - val_loss: 4.2744 - val_accuracy: 0.6562

Epoch 00036: val_loss improved from 4.72553 to 4.27442, saving model to ./save/CNN_RNN_Resnet_10_use_mp_alpha_0.1_res_num_5_opt_SGD_fold_5.hdf5
Epoch 37/1000
35/35 - 16s - loss: 3.8321 - accuracy: 0.7589 - val_loss: 5.9263 - val_accuracy: 0.3750

Epoch 00037: val_loss did not improve from 4.27442
Epoch 38/1000
35/35 - 16s - loss: 3.8065 - accuracy: 0.7388 - val_loss: 4.1404 - val_accuracy: 0.6328

Epoch 00038: val_loss improved from 4.27442 to 4.14036, saving model to ./save/CNN_RNN_Resnet_10_use_mp_alpha_0.1_res_num_5_opt_SGD_fold_5.hdf5
Epoch 39/1000
35/35 - 17s - loss: 3.5467 - accuracy: 0.7500 - val_loss: 4.3156 - val_accuracy: 0.5859

Epoch 00039: val_loss did not improve from 4.14036
Epoch 40/1000
35/35 - 16s - loss: 3.5443 - accuracy: 0.7366 - val_loss: 3.6105 - val_accuracy: 0.6875

Epoch 00040: val_loss improved from 4.14036 to 3.61052, saving model to ./save/CNN_RNN_Resnet_10_use_mp_alpha_0.1_res_num_5_opt_SGD_fold_5.hdf5
Epoch 41/1000
35/35 - 16s - loss: 3.3588 - accuracy: 0.7728 - val_loss: 4.6825 - val_accuracy: 0.4961

Epoch 00041: val_loss did not improve from 3.61052
Epoch 42/1000
35/35 - 16s - loss: 3.1734 - accuracy: 0.7549 - val_loss: 3.7516 - val_accuracy: 0.6445

Epoch 00042: val_loss did not improve from 3.61052
Epoch 43/1000
35/35 - 17s - loss: 3.1504 - accuracy: 0.7504 - val_loss: 4.2261 - val_accuracy: 0.5742

Epoch 00043: val_loss did not improve from 3.61052
Epoch 44/1000
35/35 - 16s - loss: 3.4066 - accuracy: 0.7397 - val_loss: 3.6353 - val_accuracy: 0.6172

Epoch 00044: val_loss did not improve from 3.61052

Epoch 00044: ReduceLROnPlateau reducing learning rate to 0.10000000149011612.
Epoch 45/1000
35/35 - 16s - loss: 2.6084 - accuracy: 0.8156 - val_loss: 3.1503 - val_accuracy: 0.6172

Epoch 00045: val_loss improved from 3.61052 to 3.15033, saving model to ./save/CNN_RNN_Resnet_10_use_mp_alpha_0.1_res_num_5_opt_SGD_fold_5.hdf5
Epoch 46/1000
35/35 - 17s - loss: 2.5906 - accuracy: 0.7964 - val_loss: 2.9873 - val_accuracy: 0.6797

Epoch 00046: val_loss improved from 3.15033 to 2.98733, saving model to ./save/CNN_RNN_Resnet_10_use_mp_alpha_0.1_res_num_5_opt_SGD_fold_5.hdf5
Epoch 47/1000
35/35 - 16s - loss: 2.5001 - accuracy: 0.8156 - val_loss: 2.8739 - val_accuracy: 0.7031

Epoch 00047: val_loss improved from 2.98733 to 2.87385, saving model to ./save/CNN_RNN_Resnet_10_use_mp_alpha_0.1_res_num_5_opt_SGD_fold_5.hdf5
Epoch 48/1000
35/35 - 16s - loss: 2.4268 - accuracy: 0.8228 - val_loss: 2.7030 - val_accuracy: 0.7305

Epoch 00048: val_loss improved from 2.87385 to 2.70301, saving model to ./save/CNN_RNN_Resnet_10_use_mp_alpha_0.1_res_num_5_opt_SGD_fold_5.hdf5
Epoch 49/1000
35/35 - 16s - loss: 2.3147 - accuracy: 0.8205 - val_loss: 2.9670 - val_accuracy: 0.6602

Epoch 00049: val_loss did not improve from 2.70301
Epoch 50/1000
35/35 - 16s - loss: 2.3356 - accuracy: 0.8143 - val_loss: 2.8100 - val_accuracy: 0.7422

Epoch 00050: val_loss did not improve from 2.70301
Epoch 51/1000
35/35 - 16s - loss: 2.2730 - accuracy: 0.8201 - val_loss: 2.8829 - val_accuracy: 0.7070

Epoch 00051: val_loss did not improve from 2.70301
Epoch 52/1000
35/35 - 16s - loss: 2.2488 - accuracy: 0.8143 - val_loss: 2.9267 - val_accuracy: 0.7070

Epoch 00052: val_loss did not improve from 2.70301

Epoch 00052: ReduceLROnPlateau reducing learning rate to 0.05000000074505806.
Epoch 53/1000
35/35 - 16s - loss: 2.0899 - accuracy: 0.8411 - val_loss: 2.4090 - val_accuracy: 0.7266

Epoch 00053: val_loss improved from 2.70301 to 2.40895, saving model to ./save/CNN_RNN_Resnet_10_use_mp_alpha_0.1_res_num_5_opt_SGD_fold_5.hdf5
Epoch 54/1000
35/35 - 16s - loss: 1.9931 - accuracy: 0.8554 - val_loss: 2.2569 - val_accuracy: 0.7695

Epoch 00054: val_loss improved from 2.40895 to 2.25685, saving model to ./save/CNN_RNN_Resnet_10_use_mp_alpha_0.1_res_num_5_opt_SGD_fold_5.hdf5
Epoch 55/1000
35/35 - 16s - loss: 1.9157 - accuracy: 0.8647 - val_loss: 2.3191 - val_accuracy: 0.7461

Epoch 00055: val_loss did not improve from 2.25685
Epoch 56/1000
35/35 - 16s - loss: 1.9591 - accuracy: 0.8545 - val_loss: 2.3337 - val_accuracy: 0.7422

Epoch 00056: val_loss did not improve from 2.25685
Epoch 57/1000
35/35 - 16s - loss: 1.9101 - accuracy: 0.8634 - val_loss: 2.3027 - val_accuracy: 0.7305

Epoch 00057: val_loss did not improve from 2.25685
Epoch 58/1000
35/35 - 16s - loss: 1.8939 - accuracy: 0.8612 - val_loss: 2.2898 - val_accuracy: 0.7695

Epoch 00058: val_loss did not improve from 2.25685

Epoch 00058: ReduceLROnPlateau reducing learning rate to 0.02500000037252903.
Epoch 59/1000
35/35 - 16s - loss: 1.8073 - accuracy: 0.8813 - val_loss: 2.0752 - val_accuracy: 0.7891

Epoch 00059: val_loss improved from 2.25685 to 2.07518, saving model to ./save/CNN_RNN_Resnet_10_use_mp_alpha_0.1_res_num_5_opt_SGD_fold_5.hdf5
Epoch 60/1000
35/35 - 16s - loss: 1.7413 - accuracy: 0.8862 - val_loss: 2.0838 - val_accuracy: 0.7891

Epoch 00060: val_loss did not improve from 2.07518
Epoch 61/1000
35/35 - 16s - loss: 1.7669 - accuracy: 0.8728 - val_loss: 2.0735 - val_accuracy: 0.7930

Epoch 00061: val_loss improved from 2.07518 to 2.07353, saving model to ./save/CNN_RNN_Resnet_10_use_mp_alpha_0.1_res_num_5_opt_SGD_fold_5.hdf5
Epoch 62/1000
35/35 - 16s - loss: 1.7493 - accuracy: 0.8737 - val_loss: 2.0917 - val_accuracy: 0.7852

Epoch 00062: val_loss did not improve from 2.07353
Epoch 63/1000
35/35 - 16s - loss: 1.7149 - accuracy: 0.8835 - val_loss: 1.9283 - val_accuracy: 0.8320

Epoch 00063: val_loss improved from 2.07353 to 1.92834, saving model to ./save/CNN_RNN_Resnet_10_use_mp_alpha_0.1_res_num_5_opt_SGD_fold_5.hdf5
Epoch 64/1000
35/35 - 16s - loss: 1.7323 - accuracy: 0.8857 - val_loss: 2.0452 - val_accuracy: 0.7891

Epoch 00064: val_loss did not improve from 1.92834
Epoch 65/1000
35/35 - 16s - loss: 1.6807 - accuracy: 0.8915 - val_loss: 1.9240 - val_accuracy: 0.8203

Epoch 00065: val_loss improved from 1.92834 to 1.92404, saving model to ./save/CNN_RNN_Resnet_10_use_mp_alpha_0.1_res_num_5_opt_SGD_fold_5.hdf5
Epoch 66/1000
35/35 - 16s - loss: 1.7027 - accuracy: 0.8884 - val_loss: 1.9350 - val_accuracy: 0.8242

Epoch 00066: val_loss did not improve from 1.92404
Epoch 67/1000
35/35 - 16s - loss: 1.6704 - accuracy: 0.8862 - val_loss: 2.0587 - val_accuracy: 0.7734

Epoch 00067: val_loss did not improve from 1.92404
Epoch 68/1000
35/35 - 16s - loss: 1.6983 - accuracy: 0.8884 - val_loss: 1.8971 - val_accuracy: 0.8242

Epoch 00068: val_loss improved from 1.92404 to 1.89707, saving model to ./save/CNN_RNN_Resnet_10_use_mp_alpha_0.1_res_num_5_opt_SGD_fold_5.hdf5
Epoch 69/1000
35/35 - 16s - loss: 1.6257 - accuracy: 0.8982 - val_loss: 2.0493 - val_accuracy: 0.7852

Epoch 00069: val_loss did not improve from 1.89707
Epoch 70/1000
35/35 - 16s - loss: 1.6367 - accuracy: 0.8951 - val_loss: 1.8711 - val_accuracy: 0.8359

Epoch 00070: val_loss improved from 1.89707 to 1.87111, saving model to ./save/CNN_RNN_Resnet_10_use_mp_alpha_0.1_res_num_5_opt_SGD_fold_5.hdf5
Epoch 71/1000
35/35 - 16s - loss: 1.6580 - accuracy: 0.8839 - val_loss: 1.9221 - val_accuracy: 0.7969

Epoch 00071: val_loss did not improve from 1.87111
Epoch 72/1000
35/35 - 16s - loss: 1.6284 - accuracy: 0.8888 - val_loss: 1.8855 - val_accuracy: 0.8320

Epoch 00072: val_loss did not improve from 1.87111
Epoch 73/1000
35/35 - 16s - loss: 1.6131 - accuracy: 0.8955 - val_loss: 1.9540 - val_accuracy: 0.8047

Epoch 00073: val_loss did not improve from 1.87111
Epoch 74/1000
35/35 - 16s - loss: 1.6339 - accuracy: 0.8835 - val_loss: 1.9533 - val_accuracy: 0.8008

Epoch 00074: val_loss did not improve from 1.87111

Epoch 00074: ReduceLROnPlateau reducing learning rate to 0.012500000186264515.
Epoch 75/1000
35/35 - 16s - loss: 1.5615 - accuracy: 0.9040 - val_loss: 1.9455 - val_accuracy: 0.8008

Epoch 00075: val_loss did not improve from 1.87111
Epoch 76/1000
35/35 - 16s - loss: 1.5406 - accuracy: 0.9045 - val_loss: 2.0785 - val_accuracy: 0.8008

Epoch 00076: val_loss did not improve from 1.87111
Epoch 77/1000
35/35 - 16s - loss: 1.5227 - accuracy: 0.9040 - val_loss: 1.9010 - val_accuracy: 0.8125

Epoch 00077: val_loss did not improve from 1.87111
Epoch 78/1000
35/35 - 16s - loss: 1.5450 - accuracy: 0.8929 - val_loss: 1.9747 - val_accuracy: 0.7891

Epoch 00078: val_loss did not improve from 1.87111

Epoch 00078: ReduceLROnPlateau reducing learning rate to 0.0062500000931322575.
Epoch 79/1000
35/35 - 16s - loss: 1.4836 - accuracy: 0.9183 - val_loss: 1.8523 - val_accuracy: 0.8086

Epoch 00079: val_loss improved from 1.87111 to 1.85228, saving model to ./save/CNN_RNN_Resnet_10_use_mp_alpha_0.1_res_num_5_opt_SGD_fold_5.hdf5
Epoch 80/1000
35/35 - 16s - loss: 1.4940 - accuracy: 0.9179 - val_loss: 1.7724 - val_accuracy: 0.8320

Epoch 00080: val_loss improved from 1.85228 to 1.77236, saving model to ./save/CNN_RNN_Resnet_10_use_mp_alpha_0.1_res_num_5_opt_SGD_fold_5.hdf5
Epoch 81/1000
35/35 - 16s - loss: 1.4368 - accuracy: 0.9353 - val_loss: 1.7671 - val_accuracy: 0.8242

Epoch 00081: val_loss improved from 1.77236 to 1.76712, saving model to ./save/CNN_RNN_Resnet_10_use_mp_alpha_0.1_res_num_5_opt_SGD_fold_5.hdf5
Epoch 82/1000
35/35 - 16s - loss: 1.4670 - accuracy: 0.9174 - val_loss: 1.7290 - val_accuracy: 0.8398

Epoch 00082: val_loss improved from 1.76712 to 1.72895, saving model to ./save/CNN_RNN_Resnet_10_use_mp_alpha_0.1_res_num_5_opt_SGD_fold_5.hdf5
Epoch 83/1000
35/35 - 16s - loss: 1.4269 - accuracy: 0.9272 - val_loss: 1.7507 - val_accuracy: 0.8438

Epoch 00083: val_loss did not improve from 1.72895
Epoch 84/1000
35/35 - 16s - loss: 1.4028 - accuracy: 0.9348 - val_loss: 1.8113 - val_accuracy: 0.8047

Epoch 00084: val_loss did not improve from 1.72895
Epoch 85/1000
35/35 - 16s - loss: 1.3940 - accuracy: 0.9366 - val_loss: 1.7296 - val_accuracy: 0.8633

Epoch 00085: val_loss did not improve from 1.72895
Epoch 86/1000
35/35 - 16s - loss: 1.4298 - accuracy: 0.9263 - val_loss: 1.7208 - val_accuracy: 0.8477

Epoch 00086: val_loss improved from 1.72895 to 1.72080, saving model to ./save/CNN_RNN_Resnet_10_use_mp_alpha_0.1_res_num_5_opt_SGD_fold_5.hdf5
Epoch 87/1000
35/35 - 16s - loss: 1.4149 - accuracy: 0.9286 - val_loss: 1.7558 - val_accuracy: 0.8359

Epoch 00087: val_loss did not improve from 1.72080
Epoch 88/1000
35/35 - 16s - loss: 1.4267 - accuracy: 0.9263 - val_loss: 1.7350 - val_accuracy: 0.8438

Epoch 00088: val_loss did not improve from 1.72080
Epoch 89/1000
35/35 - 16s - loss: 1.3916 - accuracy: 0.9402 - val_loss: 1.7555 - val_accuracy: 0.8203

Epoch 00089: val_loss did not improve from 1.72080
Epoch 90/1000
35/35 - 16s - loss: 1.4331 - accuracy: 0.9170 - val_loss: 1.6959 - val_accuracy: 0.8555

Epoch 00090: val_loss improved from 1.72080 to 1.69589, saving model to ./save/CNN_RNN_Resnet_10_use_mp_alpha_0.1_res_num_5_opt_SGD_fold_5.hdf5
Epoch 91/1000
35/35 - 17s - loss: 1.4291 - accuracy: 0.9246 - val_loss: 1.7806 - val_accuracy: 0.8281

Epoch 00091: val_loss did not improve from 1.69589
Epoch 92/1000
35/35 - 16s - loss: 1.4178 - accuracy: 0.9312 - val_loss: 1.8443 - val_accuracy: 0.8359

Epoch 00092: val_loss did not improve from 1.69589
Epoch 93/1000
35/35 - 16s - loss: 1.4508 - accuracy: 0.9152 - val_loss: 1.7890 - val_accuracy: 0.8438

Epoch 00093: val_loss did not improve from 1.69589
Epoch 94/1000
35/35 - 16s - loss: 1.4147 - accuracy: 0.9263 - val_loss: 1.8721 - val_accuracy: 0.8086

Epoch 00094: val_loss did not improve from 1.69589

Epoch 00094: ReduceLROnPlateau reducing learning rate to 0.0031250000465661287.
Epoch 95/1000
35/35 - 16s - loss: 1.4293 - accuracy: 0.9161 - val_loss: 1.7687 - val_accuracy: 0.8281

Epoch 00095: val_loss did not improve from 1.69589
Epoch 96/1000
35/35 - 16s - loss: 1.3902 - accuracy: 0.9330 - val_loss: 1.7168 - val_accuracy: 0.8398

Epoch 00096: val_loss did not improve from 1.69589
Epoch 97/1000
35/35 - 16s - loss: 1.3383 - accuracy: 0.9518 - val_loss: 1.7019 - val_accuracy: 0.8281

Epoch 00097: val_loss did not improve from 1.69589
Epoch 98/1000
35/35 - 16s - loss: 1.3797 - accuracy: 0.9353 - val_loss: 1.6992 - val_accuracy: 0.8555

Epoch 00098: val_loss did not improve from 1.69589

Epoch 00098: ReduceLROnPlateau reducing learning rate to 0.0015625000232830644.
Epoch 99/1000
35/35 - 16s - loss: 1.3664 - accuracy: 0.9366 - val_loss: 1.6826 - val_accuracy: 0.8516

Epoch 00099: val_loss improved from 1.69589 to 1.68265, saving model to ./save/CNN_RNN_Resnet_10_use_mp_alpha_0.1_res_num_5_opt_SGD_fold_5.hdf5
Epoch 100/1000
35/35 - 16s - loss: 1.3583 - accuracy: 0.9348 - val_loss: 1.7230 - val_accuracy: 0.8398

Epoch 00100: val_loss did not improve from 1.68265
Epoch 101/1000
35/35 - 16s - loss: 1.3456 - accuracy: 0.9455 - val_loss: 1.7222 - val_accuracy: 0.8359

Epoch 00101: val_loss did not improve from 1.68265
Epoch 102/1000
35/35 - 16s - loss: 1.3413 - accuracy: 0.9478 - val_loss: 1.7092 - val_accuracy: 0.8320

Epoch 00102: val_loss did not improve from 1.68265
Epoch 103/1000
35/35 - 16s - loss: 1.3117 - accuracy: 0.9594 - val_loss: 1.6999 - val_accuracy: 0.8477

Epoch 00103: val_loss did not improve from 1.68265

Epoch 00103: ReduceLROnPlateau reducing learning rate to 0.0007812500116415322.
Epoch 104/1000
35/35 - 16s - loss: 1.3209 - accuracy: 0.9540 - val_loss: 1.6709 - val_accuracy: 0.8477

Epoch 00104: val_loss improved from 1.68265 to 1.67088, saving model to ./save/CNN_RNN_Resnet_10_use_mp_alpha_0.1_res_num_5_opt_SGD_fold_5.hdf5
Epoch 105/1000
35/35 - 16s - loss: 1.3959 - accuracy: 0.9259 - val_loss: 1.6719 - val_accuracy: 0.8516

Epoch 00105: val_loss did not improve from 1.67088
Epoch 106/1000
35/35 - 16s - loss: 1.3259 - accuracy: 0.9522 - val_loss: 1.7049 - val_accuracy: 0.8438

Epoch 00106: val_loss did not improve from 1.67088
Epoch 107/1000
35/35 - 16s - loss: 1.3257 - accuracy: 0.9545 - val_loss: 1.6933 - val_accuracy: 0.8398

Epoch 00107: val_loss did not improve from 1.67088
Epoch 108/1000
35/35 - 16s - loss: 1.3158 - accuracy: 0.9567 - val_loss: 1.6607 - val_accuracy: 0.8594

Epoch 00108: val_loss improved from 1.67088 to 1.66073, saving model to ./save/CNN_RNN_Resnet_10_use_mp_alpha_0.1_res_num_5_opt_SGD_fold_5.hdf5
Epoch 109/1000
35/35 - 16s - loss: 1.3315 - accuracy: 0.9487 - val_loss: 1.6693 - val_accuracy: 0.8555

Epoch 00109: val_loss did not improve from 1.66073
Epoch 110/1000
35/35 - 17s - loss: 1.3536 - accuracy: 0.9375 - val_loss: 1.6643 - val_accuracy: 0.8594

Epoch 00110: val_loss did not improve from 1.66073
Epoch 111/1000
35/35 - 16s - loss: 1.3142 - accuracy: 0.9594 - val_loss: 1.6593 - val_accuracy: 0.8516

Epoch 00111: val_loss improved from 1.66073 to 1.65927, saving model to ./save/CNN_RNN_Resnet_10_use_mp_alpha_0.1_res_num_5_opt_SGD_fold_5.hdf5
Epoch 112/1000
35/35 - 16s - loss: 1.3400 - accuracy: 0.9469 - val_loss: 1.6458 - val_accuracy: 0.8594

Epoch 00112: val_loss improved from 1.65927 to 1.64578, saving model to ./save/CNN_RNN_Resnet_10_use_mp_alpha_0.1_res_num_5_opt_SGD_fold_5.hdf5
Epoch 113/1000
35/35 - 16s - loss: 1.3251 - accuracy: 0.9536 - val_loss: 1.6543 - val_accuracy: 0.8711

Epoch 00113: val_loss did not improve from 1.64578
Epoch 114/1000
35/35 - 16s - loss: 1.3189 - accuracy: 0.9518 - val_loss: 1.6467 - val_accuracy: 0.8633

Epoch 00114: val_loss did not improve from 1.64578
Epoch 115/1000
35/35 - 16s - loss: 1.2863 - accuracy: 0.9652 - val_loss: 1.6439 - val_accuracy: 0.8594

Epoch 00115: val_loss improved from 1.64578 to 1.64394, saving model to ./save/CNN_RNN_Resnet_10_use_mp_alpha_0.1_res_num_5_opt_SGD_fold_5.hdf5
Epoch 116/1000
35/35 - 16s - loss: 1.3311 - accuracy: 0.9460 - val_loss: 1.6272 - val_accuracy: 0.8594

Epoch 00116: val_loss improved from 1.64394 to 1.62716, saving model to ./save/CNN_RNN_Resnet_10_use_mp_alpha_0.1_res_num_5_opt_SGD_fold_5.hdf5
Epoch 117/1000
35/35 - 16s - loss: 1.3153 - accuracy: 0.9496 - val_loss: 1.6480 - val_accuracy: 0.8633

Epoch 00117: val_loss did not improve from 1.62716
Epoch 118/1000
35/35 - 16s - loss: 1.3078 - accuracy: 0.9545 - val_loss: 1.6283 - val_accuracy: 0.8633

Epoch 00118: val_loss did not improve from 1.62716
Epoch 119/1000
35/35 - 16s - loss: 1.3179 - accuracy: 0.9522 - val_loss: 1.6366 - val_accuracy: 0.8633

Epoch 00119: val_loss did not improve from 1.62716
Epoch 120/1000
35/35 - 16s - loss: 1.3032 - accuracy: 0.9558 - val_loss: 1.6437 - val_accuracy: 0.8516

Epoch 00120: val_loss did not improve from 1.62716

Epoch 00120: ReduceLROnPlateau reducing learning rate to 0.0003906250058207661.
Epoch 121/1000
35/35 - 16s - loss: 1.2907 - accuracy: 0.9625 - val_loss: 1.6371 - val_accuracy: 0.8594

Epoch 00121: val_loss did not improve from 1.62716
Epoch 122/1000
35/35 - 16s - loss: 1.3316 - accuracy: 0.9540 - val_loss: 1.6232 - val_accuracy: 0.8672

Epoch 00122: val_loss improved from 1.62716 to 1.62324, saving model to ./save/CNN_RNN_Resnet_10_use_mp_alpha_0.1_res_num_5_opt_SGD_fold_5.hdf5
Epoch 123/1000
35/35 - 16s - loss: 1.3100 - accuracy: 0.9536 - val_loss: 1.6298 - val_accuracy: 0.8711

Epoch 00123: val_loss did not improve from 1.62324
Epoch 124/1000
35/35 - 16s - loss: 1.3086 - accuracy: 0.9496 - val_loss: 1.6304 - val_accuracy: 0.8633

Epoch 00124: val_loss did not improve from 1.62324
Epoch 125/1000
35/35 - 16s - loss: 1.2960 - accuracy: 0.9585 - val_loss: 1.6258 - val_accuracy: 0.8555

Epoch 00125: val_loss did not improve from 1.62324
Epoch 126/1000
35/35 - 16s - loss: 1.3027 - accuracy: 0.9545 - val_loss: 1.6219 - val_accuracy: 0.8633

Epoch 00126: val_loss improved from 1.62324 to 1.62191, saving model to ./save/CNN_RNN_Resnet_10_use_mp_alpha_0.1_res_num_5_opt_SGD_fold_5.hdf5
Epoch 127/1000
35/35 - 16s - loss: 1.3154 - accuracy: 0.9527 - val_loss: 1.6130 - val_accuracy: 0.8633

Epoch 00127: val_loss improved from 1.62191 to 1.61301, saving model to ./save/CNN_RNN_Resnet_10_use_mp_alpha_0.1_res_num_5_opt_SGD_fold_5.hdf5
Epoch 128/1000
35/35 - 16s - loss: 1.3038 - accuracy: 0.9558 - val_loss: 1.6026 - val_accuracy: 0.8672

Epoch 00128: val_loss improved from 1.61301 to 1.60255, saving model to ./save/CNN_RNN_Resnet_10_use_mp_alpha_0.1_res_num_5_opt_SGD_fold_5.hdf5
Epoch 129/1000
35/35 - 16s - loss: 1.3042 - accuracy: 0.9563 - val_loss: 1.6188 - val_accuracy: 0.8633

Epoch 00129: val_loss did not improve from 1.60255
Epoch 130/1000
35/35 - 16s - loss: 1.2807 - accuracy: 0.9638 - val_loss: 1.6145 - val_accuracy: 0.8672

Epoch 00130: val_loss did not improve from 1.60255
Epoch 131/1000
35/35 - 16s - loss: 1.2983 - accuracy: 0.9585 - val_loss: 1.6170 - val_accuracy: 0.8633

Epoch 00131: val_loss did not improve from 1.60255
Epoch 132/1000
35/35 - 16s - loss: 1.2871 - accuracy: 0.9571 - val_loss: 1.6207 - val_accuracy: 0.8672

Epoch 00132: val_loss did not improve from 1.60255

Epoch 00132: ReduceLROnPlateau reducing learning rate to 0.00019531250291038305.
Epoch 133/1000
35/35 - 16s - loss: 1.3015 - accuracy: 0.9594 - val_loss: 1.6108 - val_accuracy: 0.8672

Epoch 00133: val_loss did not improve from 1.60255
Epoch 134/1000
35/35 - 16s - loss: 1.2794 - accuracy: 0.9629 - val_loss: 1.6031 - val_accuracy: 0.8672

Epoch 00134: val_loss did not improve from 1.60255
Epoch 135/1000
35/35 - 16s - loss: 1.3028 - accuracy: 0.9598 - val_loss: 1.5943 - val_accuracy: 0.8711

Epoch 00135: val_loss improved from 1.60255 to 1.59426, saving model to ./save/CNN_RNN_Resnet_10_use_mp_alpha_0.1_res_num_5_opt_SGD_fold_5.hdf5
Epoch 136/1000
35/35 - 16s - loss: 1.2982 - accuracy: 0.9576 - val_loss: 1.6124 - val_accuracy: 0.8633

Epoch 00136: val_loss did not improve from 1.59426
Epoch 137/1000
35/35 - 16s - loss: 1.3323 - accuracy: 0.9429 - val_loss: 1.6197 - val_accuracy: 0.8594

Epoch 00137: val_loss did not improve from 1.59426
Epoch 138/1000
35/35 - 16s - loss: 1.2890 - accuracy: 0.9580 - val_loss: 1.6094 - val_accuracy: 0.8750

Epoch 00138: val_loss did not improve from 1.59426
Epoch 139/1000
35/35 - 16s - loss: 1.2845 - accuracy: 0.9589 - val_loss: 1.6166 - val_accuracy: 0.8672

Epoch 00139: val_loss did not improve from 1.59426

Epoch 00139: ReduceLROnPlateau reducing learning rate to 9.765625145519152e-05.
Epoch 140/1000
35/35 - 16s - loss: 1.3095 - accuracy: 0.9496 - val_loss: 1.5817 - val_accuracy: 0.8750

Epoch 00140: val_loss improved from 1.59426 to 1.58169, saving model to ./save/CNN_RNN_Resnet_10_use_mp_alpha_0.1_res_num_5_opt_SGD_fold_5.hdf5
Epoch 141/1000
35/35 - 16s - loss: 1.3022 - accuracy: 0.9549 - val_loss: 1.6160 - val_accuracy: 0.8672

Epoch 00141: val_loss did not improve from 1.58169
Epoch 142/1000
35/35 - 16s - loss: 1.2986 - accuracy: 0.9589 - val_loss: 1.5926 - val_accuracy: 0.8828

Epoch 00142: val_loss did not improve from 1.58169
Epoch 143/1000
35/35 - 16s - loss: 1.2958 - accuracy: 0.9589 - val_loss: 1.6083 - val_accuracy: 0.8711

Epoch 00143: val_loss did not improve from 1.58169
Epoch 144/1000
35/35 - 16s - loss: 1.2965 - accuracy: 0.9576 - val_loss: 1.6080 - val_accuracy: 0.8750

Epoch 00144: val_loss did not improve from 1.58169

Epoch 00144: ReduceLROnPlateau reducing learning rate to 4.882812572759576e-05.
Epoch 145/1000
35/35 - 16s - loss: 1.2868 - accuracy: 0.9629 - val_loss: 1.6089 - val_accuracy: 0.8750

Epoch 00145: val_loss did not improve from 1.58169
Epoch 146/1000
35/35 - 16s - loss: 1.3098 - accuracy: 0.9563 - val_loss: 1.6089 - val_accuracy: 0.8711

Epoch 00146: val_loss did not improve from 1.58169
Epoch 147/1000
35/35 - 16s - loss: 1.2720 - accuracy: 0.9692 - val_loss: 1.6008 - val_accuracy: 0.8711

Epoch 00147: val_loss did not improve from 1.58169
Epoch 148/1000
35/35 - 16s - loss: 1.3275 - accuracy: 0.9442 - val_loss: 1.6181 - val_accuracy: 0.8672

Epoch 00148: val_loss did not improve from 1.58169

Epoch 00148: ReduceLROnPlateau reducing learning rate to 2.441406286379788e-05.
Epoch 149/1000
35/35 - 16s - loss: 1.3095 - accuracy: 0.9522 - val_loss: 1.6195 - val_accuracy: 0.8711

Epoch 00149: val_loss did not improve from 1.58169
Epoch 150/1000
35/35 - 16s - loss: 1.2720 - accuracy: 0.9670 - val_loss: 1.6087 - val_accuracy: 0.8711

Epoch 00150: val_loss did not improve from 1.58169
Epoch 151/1000
35/35 - 16s - loss: 1.2787 - accuracy: 0.9652 - val_loss: 1.6094 - val_accuracy: 0.8711

Epoch 00151: val_loss did not improve from 1.58169
Epoch 152/1000
35/35 - 16s - loss: 1.2976 - accuracy: 0.9513 - val_loss: 1.6058 - val_accuracy: 0.8750

Epoch 00152: val_loss did not improve from 1.58169

Epoch 00152: ReduceLROnPlateau reducing learning rate to 1.220703143189894e-05.
Epoch 153/1000
35/35 - 16s - loss: 1.2928 - accuracy: 0.9621 - val_loss: 1.6130 - val_accuracy: 0.8711

Epoch 00153: val_loss did not improve from 1.58169
Epoch 154/1000
35/35 - 16s - loss: 1.2973 - accuracy: 0.9580 - val_loss: 1.6137 - val_accuracy: 0.8711

Epoch 00154: val_loss did not improve from 1.58169
Epoch 155/1000
35/35 - 16s - loss: 1.2917 - accuracy: 0.9643 - val_loss: 1.6095 - val_accuracy: 0.8711

Epoch 00155: val_loss did not improve from 1.58169
Epoch 156/1000
35/35 - 16s - loss: 1.2995 - accuracy: 0.9563 - val_loss: 1.6178 - val_accuracy: 0.8789

Epoch 00156: val_loss did not improve from 1.58169

Epoch 00156: ReduceLROnPlateau reducing learning rate to 6.10351571594947e-06.
Epoch 157/1000
35/35 - 16s - loss: 1.2828 - accuracy: 0.9647 - val_loss: 1.6191 - val_accuracy: 0.8750

Epoch 00157: val_loss did not improve from 1.58169
Epoch 158/1000
35/35 - 16s - loss: 1.2929 - accuracy: 0.9531 - val_loss: 1.6213 - val_accuracy: 0.8750

Epoch 00158: val_loss did not improve from 1.58169
Epoch 159/1000
35/35 - 16s - loss: 1.2953 - accuracy: 0.9603 - val_loss: 1.6032 - val_accuracy: 0.8789

Epoch 00159: val_loss did not improve from 1.58169
Epoch 160/1000
35/35 - 16s - loss: 1.2913 - accuracy: 0.9576 - val_loss: 1.6186 - val_accuracy: 0.8789

Epoch 00160: val_loss did not improve from 1.58169

Epoch 00160: ReduceLROnPlateau reducing learning rate to 3.051757857974735e-06.
Epoch 161/1000
35/35 - 16s - loss: 1.3009 - accuracy: 0.9522 - val_loss: 1.6208 - val_accuracy: 0.8711

Epoch 00161: val_loss did not improve from 1.58169
Epoch 162/1000
35/35 - 16s - loss: 1.2794 - accuracy: 0.9643 - val_loss: 1.6156 - val_accuracy: 0.8789

Epoch 00162: val_loss did not improve from 1.58169
Epoch 163/1000
35/35 - 16s - loss: 1.2693 - accuracy: 0.9652 - val_loss: 1.6073 - val_accuracy: 0.8711

Epoch 00163: val_loss did not improve from 1.58169
Epoch 164/1000
35/35 - 17s - loss: 1.2672 - accuracy: 0.9714 - val_loss: 1.5994 - val_accuracy: 0.8750

Epoch 00164: val_loss did not improve from 1.58169

Epoch 00164: ReduceLROnPlateau reducing learning rate to 1.5258789289873675e-06.
Epoch 165/1000
35/35 - 16s - loss: 1.3143 - accuracy: 0.9518 - val_loss: 1.6148 - val_accuracy: 0.8750

Epoch 00165: val_loss did not improve from 1.58169
Epoch 166/1000
35/35 - 16s - loss: 1.2949 - accuracy: 0.9616 - val_loss: 1.6120 - val_accuracy: 0.8789

Epoch 00166: val_loss did not improve from 1.58169
Epoch 167/1000
35/35 - 16s - loss: 1.2771 - accuracy: 0.9638 - val_loss: 1.6085 - val_accuracy: 0.8711

Epoch 00167: val_loss did not improve from 1.58169
Epoch 168/1000
35/35 - 16s - loss: 1.2973 - accuracy: 0.9576 - val_loss: 1.6056 - val_accuracy: 0.8711

Epoch 00168: val_loss did not improve from 1.58169

Epoch 00168: ReduceLROnPlateau reducing learning rate to 7.629394644936838e-07.
Epoch 169/1000
35/35 - 16s - loss: 1.2878 - accuracy: 0.9585 - val_loss: 1.6065 - val_accuracy: 0.8711

Epoch 00169: val_loss did not improve from 1.58169
Epoch 170/1000
35/35 - 16s - loss: 1.2838 - accuracy: 0.9647 - val_loss: 1.6053 - val_accuracy: 0.8711

Epoch 00170: val_loss did not improve from 1.58169
Epoch 00170: early stopping
>> join - Process-2 at Mon Jul 26 10:41:49 2021
>> Process-2 spend 0h 49m 16.0s

>> start - Process-3 at Mon Jul 26 10:41:53 2021
Epoch 1/1000
35/35 - 89s - loss: 71.9628 - accuracy: 0.4576 - val_loss: 21.4397 - val_accuracy: 0.5481

Epoch 00001: val_loss improved from inf to 21.43974, saving model to ./save/CNN_RNN_Resnet_10_use_mp_alpha_0.1_res_num_5_opt_SGD_fold_9.hdf5
Epoch 2/1000
35/35 - 16s - loss: 20.1118 - accuracy: 0.5362 - val_loss: 20.2592 - val_accuracy: 0.5529

Epoch 00002: val_loss improved from 21.43974 to 20.25923, saving model to ./save/CNN_RNN_Resnet_10_use_mp_alpha_0.1_res_num_5_opt_SGD_fold_9.hdf5
Epoch 3/1000
35/35 - 16s - loss: 18.7590 - accuracy: 0.5518 - val_loss: 18.9932 - val_accuracy: 0.5721

Epoch 00003: val_loss improved from 20.25923 to 18.99317, saving model to ./save/CNN_RNN_Resnet_10_use_mp_alpha_0.1_res_num_5_opt_SGD_fold_9.hdf5
Epoch 4/1000
35/35 - 16s - loss: 17.5973 - accuracy: 0.6004 - val_loss: 18.4474 - val_accuracy: 0.5625

Epoch 00004: val_loss improved from 18.99317 to 18.44735, saving model to ./save/CNN_RNN_Resnet_10_use_mp_alpha_0.1_res_num_5_opt_SGD_fold_9.hdf5
Epoch 5/1000
35/35 - 16s - loss: 16.6233 - accuracy: 0.6062 - val_loss: 18.2820 - val_accuracy: 0.5577

Epoch 00005: val_loss improved from 18.44735 to 18.28200, saving model to ./save/CNN_RNN_Resnet_10_use_mp_alpha_0.1_res_num_5_opt_SGD_fold_9.hdf5
Epoch 6/1000
35/35 - 16s - loss: 16.0585 - accuracy: 0.6335 - val_loss: 18.0098 - val_accuracy: 0.0192

Epoch 00006: val_loss improved from 18.28200 to 18.00976, saving model to ./save/CNN_RNN_Resnet_10_use_mp_alpha_0.1_res_num_5_opt_SGD_fold_9.hdf5
Epoch 7/1000
35/35 - 16s - loss: 15.0014 - accuracy: 0.6442 - val_loss: 16.3908 - val_accuracy: 0.5144

Epoch 00007: val_loss improved from 18.00976 to 16.39079, saving model to ./save/CNN_RNN_Resnet_10_use_mp_alpha_0.1_res_num_5_opt_SGD_fold_9.hdf5
Epoch 8/1000
35/35 - 16s - loss: 14.3940 - accuracy: 0.6420 - val_loss: 15.3112 - val_accuracy: 0.5529

Epoch 00008: val_loss improved from 16.39079 to 15.31124, saving model to ./save/CNN_RNN_Resnet_10_use_mp_alpha_0.1_res_num_5_opt_SGD_fold_9.hdf5
Epoch 9/1000
35/35 - 16s - loss: 13.6204 - accuracy: 0.6429 - val_loss: 14.6696 - val_accuracy: 0.5865

Epoch 00009: val_loss improved from 15.31124 to 14.66962, saving model to ./save/CNN_RNN_Resnet_10_use_mp_alpha_0.1_res_num_5_opt_SGD_fold_9.hdf5
Epoch 10/1000
35/35 - 16s - loss: 12.7536 - accuracy: 0.6687 - val_loss: 14.8457 - val_accuracy: 0.5625

Epoch 00010: val_loss did not improve from 14.66962
Epoch 11/1000
35/35 - 16s - loss: 12.1048 - accuracy: 0.6888 - val_loss: 14.0380 - val_accuracy: 0.1683

Epoch 00011: val_loss improved from 14.66962 to 14.03804, saving model to ./save/CNN_RNN_Resnet_10_use_mp_alpha_0.1_res_num_5_opt_SGD_fold_9.hdf5
Epoch 12/1000
35/35 - 16s - loss: 11.6273 - accuracy: 0.6768 - val_loss: 13.6479 - val_accuracy: 0.1827

Epoch 00012: val_loss improved from 14.03804 to 13.64787, saving model to ./save/CNN_RNN_Resnet_10_use_mp_alpha_0.1_res_num_5_opt_SGD_fold_9.hdf5
Epoch 13/1000
35/35 - 16s - loss: 11.0405 - accuracy: 0.7000 - val_loss: 11.4902 - val_accuracy: 0.6010

Epoch 00013: val_loss improved from 13.64787 to 11.49021, saving model to ./save/CNN_RNN_Resnet_10_use_mp_alpha_0.1_res_num_5_opt_SGD_fold_9.hdf5
Epoch 14/1000
35/35 - 16s - loss: 10.5590 - accuracy: 0.6670 - val_loss: 13.6657 - val_accuracy: 0.0721

Epoch 00014: val_loss did not improve from 11.49021
Epoch 15/1000
35/35 - 16s - loss: 10.0543 - accuracy: 0.6964 - val_loss: 10.7259 - val_accuracy: 0.4375

Epoch 00015: val_loss improved from 11.49021 to 10.72593, saving model to ./save/CNN_RNN_Resnet_10_use_mp_alpha_0.1_res_num_5_opt_SGD_fold_9.hdf5
Epoch 16/1000
35/35 - 16s - loss: 9.5500 - accuracy: 0.6973 - val_loss: 10.1053 - val_accuracy: 0.5817

Epoch 00016: val_loss improved from 10.72593 to 10.10533, saving model to ./save/CNN_RNN_Resnet_10_use_mp_alpha_0.1_res_num_5_opt_SGD_fold_9.hdf5
Epoch 17/1000
35/35 - 16s - loss: 9.0077 - accuracy: 0.7063 - val_loss: 10.1653 - val_accuracy: 0.5962

Epoch 00017: val_loss did not improve from 10.10533
Epoch 18/1000
35/35 - 16s - loss: 8.7312 - accuracy: 0.7098 - val_loss: 8.6925 - val_accuracy: 0.6538

Epoch 00018: val_loss improved from 10.10533 to 8.69248, saving model to ./save/CNN_RNN_Resnet_10_use_mp_alpha_0.1_res_num_5_opt_SGD_fold_9.hdf5
Epoch 19/1000
35/35 - 16s - loss: 8.2060 - accuracy: 0.7080 - val_loss: 8.9212 - val_accuracy: 0.6154

Epoch 00019: val_loss did not improve from 8.69248
Epoch 20/1000
35/35 - 16s - loss: 8.0601 - accuracy: 0.7080 - val_loss: 7.7625 - val_accuracy: 0.7404

Epoch 00020: val_loss improved from 8.69248 to 7.76253, saving model to ./save/CNN_RNN_Resnet_10_use_mp_alpha_0.1_res_num_5_opt_SGD_fold_9.hdf5
Epoch 21/1000
35/35 - 16s - loss: 7.6488 - accuracy: 0.7000 - val_loss: 8.8571 - val_accuracy: 0.6394

Epoch 00021: val_loss did not improve from 7.76253
Epoch 22/1000
35/35 - 16s - loss: 7.2956 - accuracy: 0.7058 - val_loss: 7.6040 - val_accuracy: 0.6779

Epoch 00022: val_loss improved from 7.76253 to 7.60402, saving model to ./save/CNN_RNN_Resnet_10_use_mp_alpha_0.1_res_num_5_opt_SGD_fold_9.hdf5
Epoch 23/1000
35/35 - 16s - loss: 6.9659 - accuracy: 0.7009 - val_loss: 7.8954 - val_accuracy: 0.6250

Epoch 00023: val_loss did not improve from 7.60402
Epoch 24/1000
35/35 - 16s - loss: 6.5792 - accuracy: 0.7281 - val_loss: 6.4200 - val_accuracy: 0.7596

Epoch 00024: val_loss improved from 7.60402 to 6.42002, saving model to ./save/CNN_RNN_Resnet_10_use_mp_alpha_0.1_res_num_5_opt_SGD_fold_9.hdf5
Epoch 25/1000
35/35 - 16s - loss: 6.2530 - accuracy: 0.7402 - val_loss: 7.9193 - val_accuracy: 0.4279

Epoch 00025: val_loss did not improve from 6.42002
Epoch 26/1000
35/35 - 16s - loss: 6.0166 - accuracy: 0.7165 - val_loss: 6.4672 - val_accuracy: 0.6875

Epoch 00026: val_loss did not improve from 6.42002
Epoch 27/1000
35/35 - 16s - loss: 5.8502 - accuracy: 0.7299 - val_loss: 5.7320 - val_accuracy: 0.7260

Epoch 00027: val_loss improved from 6.42002 to 5.73199, saving model to ./save/CNN_RNN_Resnet_10_use_mp_alpha_0.1_res_num_5_opt_SGD_fold_9.hdf5
Epoch 28/1000
35/35 - 16s - loss: 5.5761 - accuracy: 0.7205 - val_loss: 5.6908 - val_accuracy: 0.6635

Epoch 00028: val_loss improved from 5.73199 to 5.69076, saving model to ./save/CNN_RNN_Resnet_10_use_mp_alpha_0.1_res_num_5_opt_SGD_fold_9.hdf5
Epoch 29/1000
35/35 - 16s - loss: 5.3227 - accuracy: 0.7268 - val_loss: 6.7385 - val_accuracy: 0.4712

Epoch 00029: val_loss did not improve from 5.69076
Epoch 30/1000
35/35 - 16s - loss: 5.1133 - accuracy: 0.7415 - val_loss: 5.4933 - val_accuracy: 0.6971

Epoch 00030: val_loss improved from 5.69076 to 5.49326, saving model to ./save/CNN_RNN_Resnet_10_use_mp_alpha_0.1_res_num_5_opt_SGD_fold_9.hdf5
Epoch 31/1000
35/35 - 16s - loss: 5.1221 - accuracy: 0.7308 - val_loss: 5.5105 - val_accuracy: 0.6442

Epoch 00031: val_loss did not improve from 5.49326
Epoch 32/1000
35/35 - 16s - loss: 4.7244 - accuracy: 0.7326 - val_loss: 5.1634 - val_accuracy: 0.6154

Epoch 00032: val_loss improved from 5.49326 to 5.16338, saving model to ./save/CNN_RNN_Resnet_10_use_mp_alpha_0.1_res_num_5_opt_SGD_fold_9.hdf5
Epoch 33/1000
35/35 - 16s - loss: 4.4543 - accuracy: 0.7375 - val_loss: 4.8894 - val_accuracy: 0.6875

Epoch 00033: val_loss improved from 5.16338 to 4.88935, saving model to ./save/CNN_RNN_Resnet_10_use_mp_alpha_0.1_res_num_5_opt_SGD_fold_9.hdf5
Epoch 34/1000
35/35 - 16s - loss: 4.3064 - accuracy: 0.7420 - val_loss: 4.5324 - val_accuracy: 0.6971

Epoch 00034: val_loss improved from 4.88935 to 4.53239, saving model to ./save/CNN_RNN_Resnet_10_use_mp_alpha_0.1_res_num_5_opt_SGD_fold_9.hdf5
Epoch 35/1000
35/35 - 16s - loss: 4.2715 - accuracy: 0.7478 - val_loss: 4.5761 - val_accuracy: 0.6923

Epoch 00035: val_loss did not improve from 4.53239
Epoch 36/1000
35/35 - 16s - loss: 4.0109 - accuracy: 0.7504 - val_loss: 4.3892 - val_accuracy: 0.6442

Epoch 00036: val_loss improved from 4.53239 to 4.38916, saving model to ./save/CNN_RNN_Resnet_10_use_mp_alpha_0.1_res_num_5_opt_SGD_fold_9.hdf5
Epoch 37/1000
35/35 - 16s - loss: 4.0212 - accuracy: 0.7451 - val_loss: 3.9791 - val_accuracy: 0.7067

Epoch 00037: val_loss improved from 4.38916 to 3.97911, saving model to ./save/CNN_RNN_Resnet_10_use_mp_alpha_0.1_res_num_5_opt_SGD_fold_9.hdf5
Epoch 38/1000
35/35 - 16s - loss: 3.7625 - accuracy: 0.7464 - val_loss: 4.4750 - val_accuracy: 0.6154

Epoch 00038: val_loss did not improve from 3.97911
Epoch 39/1000
35/35 - 16s - loss: 4.1421 - accuracy: 0.7531 - val_loss: 3.8614 - val_accuracy: 0.7212

Epoch 00039: val_loss improved from 3.97911 to 3.86139, saving model to ./save/CNN_RNN_Resnet_10_use_mp_alpha_0.1_res_num_5_opt_SGD_fold_9.hdf5
Epoch 40/1000
35/35 - 16s - loss: 3.4193 - accuracy: 0.7701 - val_loss: 3.5951 - val_accuracy: 0.7356

Epoch 00040: val_loss improved from 3.86139 to 3.59513, saving model to ./save/CNN_RNN_Resnet_10_use_mp_alpha_0.1_res_num_5_opt_SGD_fold_9.hdf5
Epoch 41/1000
35/35 - 16s - loss: 3.3444 - accuracy: 0.7433 - val_loss: 4.0783 - val_accuracy: 0.6058

Epoch 00041: val_loss did not improve from 3.59513
Epoch 42/1000
35/35 - 16s - loss: 3.2835 - accuracy: 0.7455 - val_loss: 3.4048 - val_accuracy: 0.7356

Epoch 00042: val_loss improved from 3.59513 to 3.40483, saving model to ./save/CNN_RNN_Resnet_10_use_mp_alpha_0.1_res_num_5_opt_SGD_fold_9.hdf5
Epoch 43/1000
35/35 - 16s - loss: 3.1483 - accuracy: 0.7558 - val_loss: 3.3415 - val_accuracy: 0.7163

Epoch 00043: val_loss improved from 3.40483 to 3.34150, saving model to ./save/CNN_RNN_Resnet_10_use_mp_alpha_0.1_res_num_5_opt_SGD_fold_9.hdf5
Epoch 44/1000
35/35 - 16s - loss: 3.0923 - accuracy: 0.7393 - val_loss: 3.4721 - val_accuracy: 0.6683

Epoch 00044: val_loss did not improve from 3.34150
Epoch 45/1000
35/35 - 16s - loss: 3.0152 - accuracy: 0.7437 - val_loss: 4.4248 - val_accuracy: 0.6394

Epoch 00045: val_loss did not improve from 3.34150
Epoch 46/1000
35/35 - 16s - loss: 2.9704 - accuracy: 0.7513 - val_loss: 3.5571 - val_accuracy: 0.6827

Epoch 00046: val_loss did not improve from 3.34150
Epoch 47/1000
35/35 - 16s - loss: 2.8787 - accuracy: 0.7487 - val_loss: 3.0269 - val_accuracy: 0.7356

Epoch 00047: val_loss improved from 3.34150 to 3.02691, saving model to ./save/CNN_RNN_Resnet_10_use_mp_alpha_0.1_res_num_5_opt_SGD_fold_9.hdf5
Epoch 48/1000
35/35 - 16s - loss: 2.7256 - accuracy: 0.7455 - val_loss: 3.0129 - val_accuracy: 0.7308

Epoch 00048: val_loss improved from 3.02691 to 3.01291, saving model to ./save/CNN_RNN_Resnet_10_use_mp_alpha_0.1_res_num_5_opt_SGD_fold_9.hdf5
Epoch 49/1000
35/35 - 16s - loss: 2.6816 - accuracy: 0.7406 - val_loss: 3.6359 - val_accuracy: 0.5817

Epoch 00049: val_loss did not improve from 3.01291
Epoch 50/1000
35/35 - 16s - loss: 2.5309 - accuracy: 0.7580 - val_loss: 2.6818 - val_accuracy: 0.7163

Epoch 00050: val_loss improved from 3.01291 to 2.68184, saving model to ./save/CNN_RNN_Resnet_10_use_mp_alpha_0.1_res_num_5_opt_SGD_fold_9.hdf5
Epoch 51/1000
35/35 - 16s - loss: 2.5054 - accuracy: 0.7504 - val_loss: 2.6712 - val_accuracy: 0.7404

Epoch 00051: val_loss improved from 2.68184 to 2.67116, saving model to ./save/CNN_RNN_Resnet_10_use_mp_alpha_0.1_res_num_5_opt_SGD_fold_9.hdf5
Epoch 52/1000
35/35 - 16s - loss: 2.3537 - accuracy: 0.7665 - val_loss: 2.6007 - val_accuracy: 0.7260

Epoch 00052: val_loss improved from 2.67116 to 2.60068, saving model to ./save/CNN_RNN_Resnet_10_use_mp_alpha_0.1_res_num_5_opt_SGD_fold_9.hdf5
Epoch 53/1000
35/35 - 16s - loss: 2.3678 - accuracy: 0.7563 - val_loss: 2.6466 - val_accuracy: 0.7163

Epoch 00053: val_loss did not improve from 2.60068
Epoch 54/1000
35/35 - 16s - loss: 2.3222 - accuracy: 0.7576 - val_loss: 2.8670 - val_accuracy: 0.6827

Epoch 00054: val_loss did not improve from 2.60068
Epoch 55/1000
35/35 - 16s - loss: 2.3931 - accuracy: 0.7455 - val_loss: 2.2711 - val_accuracy: 0.7692

Epoch 00055: val_loss improved from 2.60068 to 2.27106, saving model to ./save/CNN_RNN_Resnet_10_use_mp_alpha_0.1_res_num_5_opt_SGD_fold_9.hdf5
Epoch 56/1000
35/35 - 16s - loss: 2.2485 - accuracy: 0.7558 - val_loss: 2.6478 - val_accuracy: 0.6779

Epoch 00056: val_loss did not improve from 2.27106
Epoch 57/1000
35/35 - 16s - loss: 2.1084 - accuracy: 0.7723 - val_loss: 2.3826 - val_accuracy: 0.7644

Epoch 00057: val_loss did not improve from 2.27106
Epoch 58/1000
35/35 - 16s - loss: 2.0720 - accuracy: 0.7723 - val_loss: 3.4388 - val_accuracy: 0.5144

Epoch 00058: val_loss did not improve from 2.27106
Epoch 59/1000
35/35 - 16s - loss: 2.0148 - accuracy: 0.7629 - val_loss: 2.2077 - val_accuracy: 0.7260

Epoch 00059: val_loss improved from 2.27106 to 2.20766, saving model to ./save/CNN_RNN_Resnet_10_use_mp_alpha_0.1_res_num_5_opt_SGD_fold_9.hdf5
Epoch 60/1000
35/35 - 16s - loss: 1.9775 - accuracy: 0.7594 - val_loss: 2.0130 - val_accuracy: 0.7644

Epoch 00060: val_loss improved from 2.20766 to 2.01300, saving model to ./save/CNN_RNN_Resnet_10_use_mp_alpha_0.1_res_num_5_opt_SGD_fold_9.hdf5
Epoch 61/1000
35/35 - 16s - loss: 2.0204 - accuracy: 0.7549 - val_loss: 4.3842 - val_accuracy: 0.5144

Epoch 00061: val_loss did not improve from 2.01300
Epoch 62/1000
35/35 - 16s - loss: 1.9528 - accuracy: 0.7612 - val_loss: 2.4832 - val_accuracy: 0.6587

Epoch 00062: val_loss did not improve from 2.01300
Epoch 63/1000
35/35 - 16s - loss: 2.0402 - accuracy: 0.7429 - val_loss: 2.2469 - val_accuracy: 0.6923

Epoch 00063: val_loss did not improve from 2.01300
Epoch 64/1000
35/35 - 16s - loss: 1.9094 - accuracy: 0.7585 - val_loss: 2.4527 - val_accuracy: 0.6538

Epoch 00064: val_loss did not improve from 2.01300

Epoch 00064: ReduceLROnPlateau reducing learning rate to 0.10000000149011612.
Epoch 65/1000
35/35 - 16s - loss: 1.5456 - accuracy: 0.8116 - val_loss: 1.9310 - val_accuracy: 0.7067

Epoch 00065: val_loss improved from 2.01300 to 1.93098, saving model to ./save/CNN_RNN_Resnet_10_use_mp_alpha_0.1_res_num_5_opt_SGD_fold_9.hdf5
Epoch 66/1000
35/35 - 16s - loss: 1.4522 - accuracy: 0.8143 - val_loss: 1.7161 - val_accuracy: 0.7644

Epoch 00066: val_loss improved from 1.93098 to 1.71613, saving model to ./save/CNN_RNN_Resnet_10_use_mp_alpha_0.1_res_num_5_opt_SGD_fold_9.hdf5
Epoch 67/1000
35/35 - 16s - loss: 1.4701 - accuracy: 0.8085 - val_loss: 1.6638 - val_accuracy: 0.7596

Epoch 00067: val_loss improved from 1.71613 to 1.66377, saving model to ./save/CNN_RNN_Resnet_10_use_mp_alpha_0.1_res_num_5_opt_SGD_fold_9.hdf5
Epoch 68/1000
35/35 - 16s - loss: 1.4174 - accuracy: 0.8129 - val_loss: 1.7557 - val_accuracy: 0.7692

Epoch 00068: val_loss did not improve from 1.66377
Epoch 69/1000
35/35 - 16s - loss: 1.3631 - accuracy: 0.8330 - val_loss: 1.8280 - val_accuracy: 0.7500

Epoch 00069: val_loss did not improve from 1.66377
Epoch 70/1000
35/35 - 16s - loss: 1.3183 - accuracy: 0.8406 - val_loss: 2.0231 - val_accuracy: 0.6875

Epoch 00070: val_loss did not improve from 1.66377
Epoch 71/1000
35/35 - 16s - loss: 1.3185 - accuracy: 0.8335 - val_loss: 1.6312 - val_accuracy: 0.7740

Epoch 00071: val_loss improved from 1.66377 to 1.63123, saving model to ./save/CNN_RNN_Resnet_10_use_mp_alpha_0.1_res_num_5_opt_SGD_fold_9.hdf5
Epoch 72/1000
35/35 - 16s - loss: 1.3379 - accuracy: 0.8268 - val_loss: 1.7149 - val_accuracy: 0.7837

Epoch 00072: val_loss did not improve from 1.63123
Epoch 73/1000
35/35 - 16s - loss: 1.2740 - accuracy: 0.8344 - val_loss: 1.8211 - val_accuracy: 0.7404

Epoch 00073: val_loss did not improve from 1.63123
Epoch 74/1000
35/35 - 16s - loss: 1.2930 - accuracy: 0.8375 - val_loss: 1.5196 - val_accuracy: 0.8077

Epoch 00074: val_loss improved from 1.63123 to 1.51961, saving model to ./save/CNN_RNN_Resnet_10_use_mp_alpha_0.1_res_num_5_opt_SGD_fold_9.hdf5
Epoch 75/1000
35/35 - 16s - loss: 1.2853 - accuracy: 0.8313 - val_loss: 1.4361 - val_accuracy: 0.7644

Epoch 00075: val_loss improved from 1.51961 to 1.43610, saving model to ./save/CNN_RNN_Resnet_10_use_mp_alpha_0.1_res_num_5_opt_SGD_fold_9.hdf5
Epoch 76/1000
35/35 - 16s - loss: 1.2500 - accuracy: 0.8348 - val_loss: 1.6230 - val_accuracy: 0.7644

Epoch 00076: val_loss did not improve from 1.43610
Epoch 77/1000
35/35 - 16s - loss: 1.2945 - accuracy: 0.8161 - val_loss: 1.7228 - val_accuracy: 0.7788

Epoch 00077: val_loss did not improve from 1.43610
Epoch 78/1000
35/35 - 16s - loss: 1.2834 - accuracy: 0.8246 - val_loss: 1.6712 - val_accuracy: 0.7260

Epoch 00078: val_loss did not improve from 1.43610
Epoch 79/1000
35/35 - 16s - loss: 1.2809 - accuracy: 0.8228 - val_loss: 1.5904 - val_accuracy: 0.7548

Epoch 00079: val_loss did not improve from 1.43610

Epoch 00079: ReduceLROnPlateau reducing learning rate to 0.05000000074505806.
Epoch 80/1000
35/35 - 16s - loss: 1.0532 - accuracy: 0.8656 - val_loss: 1.3727 - val_accuracy: 0.7644

Epoch 00080: val_loss improved from 1.43610 to 1.37269, saving model to ./save/CNN_RNN_Resnet_10_use_mp_alpha_0.1_res_num_5_opt_SGD_fold_9.hdf5
Epoch 81/1000
35/35 - 16s - loss: 1.0259 - accuracy: 0.8679 - val_loss: 1.4332 - val_accuracy: 0.7692

Epoch 00081: val_loss did not improve from 1.37269
Epoch 82/1000
35/35 - 16s - loss: 0.9914 - accuracy: 0.8732 - val_loss: 1.4727 - val_accuracy: 0.7596

Epoch 00082: val_loss did not improve from 1.37269
Epoch 83/1000
35/35 - 16s - loss: 0.9954 - accuracy: 0.8799 - val_loss: 1.4207 - val_accuracy: 0.7837

Epoch 00083: val_loss did not improve from 1.37269
Epoch 84/1000
35/35 - 16s - loss: 0.9908 - accuracy: 0.8839 - val_loss: 1.5341 - val_accuracy: 0.7596

Epoch 00084: val_loss did not improve from 1.37269

Epoch 00084: ReduceLROnPlateau reducing learning rate to 0.02500000037252903.
Epoch 85/1000
35/35 - 16s - loss: 0.9232 - accuracy: 0.8839 - val_loss: 1.3891 - val_accuracy: 0.7596

Epoch 00085: val_loss did not improve from 1.37269
Epoch 86/1000
35/35 - 16s - loss: 0.9040 - accuracy: 0.8884 - val_loss: 1.3476 - val_accuracy: 0.8029

Epoch 00086: val_loss improved from 1.37269 to 1.34764, saving model to ./save/CNN_RNN_Resnet_10_use_mp_alpha_0.1_res_num_5_opt_SGD_fold_9.hdf5
Epoch 87/1000
35/35 - 16s - loss: 0.8867 - accuracy: 0.8969 - val_loss: 1.2899 - val_accuracy: 0.8125

Epoch 00087: val_loss improved from 1.34764 to 1.28987, saving model to ./save/CNN_RNN_Resnet_10_use_mp_alpha_0.1_res_num_5_opt_SGD_fold_9.hdf5
Epoch 88/1000
35/35 - 16s - loss: 0.8613 - accuracy: 0.8911 - val_loss: 1.2995 - val_accuracy: 0.7740

Epoch 00088: val_loss did not improve from 1.28987
Epoch 89/1000
35/35 - 16s - loss: 0.8393 - accuracy: 0.9027 - val_loss: 1.0686 - val_accuracy: 0.8413

Epoch 00089: val_loss improved from 1.28987 to 1.06862, saving model to ./save/CNN_RNN_Resnet_10_use_mp_alpha_0.1_res_num_5_opt_SGD_fold_9.hdf5
Epoch 90/1000
35/35 - 16s - loss: 0.8346 - accuracy: 0.9076 - val_loss: 1.1902 - val_accuracy: 0.8029

Epoch 00090: val_loss did not improve from 1.06862
Epoch 91/1000
35/35 - 16s - loss: 0.7970 - accuracy: 0.9129 - val_loss: 1.1628 - val_accuracy: 0.8462

Epoch 00091: val_loss did not improve from 1.06862
Epoch 92/1000
35/35 - 16s - loss: 0.8700 - accuracy: 0.8973 - val_loss: 1.2662 - val_accuracy: 0.8462

Epoch 00092: val_loss did not improve from 1.06862
Epoch 93/1000
35/35 - 16s - loss: 0.8263 - accuracy: 0.9045 - val_loss: 1.0657 - val_accuracy: 0.8413

Epoch 00093: val_loss improved from 1.06862 to 1.06573, saving model to ./save/CNN_RNN_Resnet_10_use_mp_alpha_0.1_res_num_5_opt_SGD_fold_9.hdf5
Epoch 94/1000
35/35 - 16s - loss: 0.8370 - accuracy: 0.9018 - val_loss: 1.2715 - val_accuracy: 0.8365

Epoch 00094: val_loss did not improve from 1.06573
Epoch 95/1000
35/35 - 16s - loss: 0.8567 - accuracy: 0.8915 - val_loss: 1.2807 - val_accuracy: 0.7981

Epoch 00095: val_loss did not improve from 1.06573
Epoch 96/1000
35/35 - 16s - loss: 0.8178 - accuracy: 0.9062 - val_loss: 1.2471 - val_accuracy: 0.8125

Epoch 00096: val_loss did not improve from 1.06573
Epoch 97/1000
35/35 - 16s - loss: 0.8423 - accuracy: 0.8969 - val_loss: 1.1248 - val_accuracy: 0.8365

Epoch 00097: val_loss did not improve from 1.06573

Epoch 00097: ReduceLROnPlateau reducing learning rate to 0.012500000186264515.
Epoch 98/1000
35/35 - 16s - loss: 0.7454 - accuracy: 0.9263 - val_loss: 1.0431 - val_accuracy: 0.8558

Epoch 00098: val_loss improved from 1.06573 to 1.04313, saving model to ./save/CNN_RNN_Resnet_10_use_mp_alpha_0.1_res_num_5_opt_SGD_fold_9.hdf5
Epoch 99/1000
35/35 - 16s - loss: 0.7294 - accuracy: 0.9308 - val_loss: 1.0126 - val_accuracy: 0.8558

Epoch 00099: val_loss improved from 1.04313 to 1.01260, saving model to ./save/CNN_RNN_Resnet_10_use_mp_alpha_0.1_res_num_5_opt_SGD_fold_9.hdf5
Epoch 100/1000
35/35 - 16s - loss: 0.7341 - accuracy: 0.9205 - val_loss: 1.0121 - val_accuracy: 0.8462

Epoch 00100: val_loss improved from 1.01260 to 1.01209, saving model to ./save/CNN_RNN_Resnet_10_use_mp_alpha_0.1_res_num_5_opt_SGD_fold_9.hdf5
Epoch 101/1000
35/35 - 16s - loss: 0.7226 - accuracy: 0.9299 - val_loss: 1.0176 - val_accuracy: 0.8510

Epoch 00101: val_loss did not improve from 1.01209
Epoch 102/1000
35/35 - 16s - loss: 0.7185 - accuracy: 0.9290 - val_loss: 1.0466 - val_accuracy: 0.8269

Epoch 00102: val_loss did not improve from 1.01209
Epoch 103/1000
35/35 - 16s - loss: 0.6999 - accuracy: 0.9348 - val_loss: 0.9987 - val_accuracy: 0.8606

Epoch 00103: val_loss improved from 1.01209 to 0.99874, saving model to ./save/CNN_RNN_Resnet_10_use_mp_alpha_0.1_res_num_5_opt_SGD_fold_9.hdf5
Epoch 104/1000
35/35 - 16s - loss: 0.6932 - accuracy: 0.9335 - val_loss: 1.0690 - val_accuracy: 0.8413

Epoch 00104: val_loss did not improve from 0.99874
Epoch 105/1000
35/35 - 16s - loss: 0.7014 - accuracy: 0.9308 - val_loss: 1.0423 - val_accuracy: 0.8558

Epoch 00105: val_loss did not improve from 0.99874
Epoch 106/1000
35/35 - 16s - loss: 0.6932 - accuracy: 0.9330 - val_loss: 1.0136 - val_accuracy: 0.8413

Epoch 00106: val_loss did not improve from 0.99874
Epoch 107/1000
35/35 - 16s - loss: 0.6977 - accuracy: 0.9295 - val_loss: 1.1608 - val_accuracy: 0.8173

Epoch 00107: val_loss did not improve from 0.99874

Epoch 00107: ReduceLROnPlateau reducing learning rate to 0.0062500000931322575.
Epoch 108/1000
35/35 - 16s - loss: 0.6576 - accuracy: 0.9473 - val_loss: 0.9753 - val_accuracy: 0.8510

Epoch 00108: val_loss improved from 0.99874 to 0.97527, saving model to ./save/CNN_RNN_Resnet_10_use_mp_alpha_0.1_res_num_5_opt_SGD_fold_9.hdf5
Epoch 109/1000
35/35 - 16s - loss: 0.7008 - accuracy: 0.9254 - val_loss: 1.0064 - val_accuracy: 0.8413

Epoch 00109: val_loss did not improve from 0.97527
Epoch 110/1000
35/35 - 16s - loss: 0.6523 - accuracy: 0.9451 - val_loss: 0.9748 - val_accuracy: 0.8654

Epoch 00110: val_loss improved from 0.97527 to 0.97484, saving model to ./save/CNN_RNN_Resnet_10_use_mp_alpha_0.1_res_num_5_opt_SGD_fold_9.hdf5
Epoch 111/1000
35/35 - 16s - loss: 0.6563 - accuracy: 0.9420 - val_loss: 1.0002 - val_accuracy: 0.8606

Epoch 00111: val_loss did not improve from 0.97484
Epoch 112/1000
35/35 - 16s - loss: 0.6613 - accuracy: 0.9357 - val_loss: 0.9639 - val_accuracy: 0.8510

Epoch 00112: val_loss improved from 0.97484 to 0.96390, saving model to ./save/CNN_RNN_Resnet_10_use_mp_alpha_0.1_res_num_5_opt_SGD_fold_9.hdf5
Epoch 113/1000
35/35 - 16s - loss: 0.6702 - accuracy: 0.9362 - val_loss: 0.9907 - val_accuracy: 0.8462

Epoch 00113: val_loss did not improve from 0.96390
Epoch 114/1000
35/35 - 16s - loss: 0.6617 - accuracy: 0.9402 - val_loss: 1.0256 - val_accuracy: 0.8365

Epoch 00114: val_loss did not improve from 0.96390
Epoch 115/1000
35/35 - 16s - loss: 0.6575 - accuracy: 0.9393 - val_loss: 1.0360 - val_accuracy: 0.8413

Epoch 00115: val_loss did not improve from 0.96390
Epoch 116/1000
35/35 - 16s - loss: 0.6488 - accuracy: 0.9442 - val_loss: 0.9801 - val_accuracy: 0.8606

Epoch 00116: val_loss did not improve from 0.96390

Epoch 00116: ReduceLROnPlateau reducing learning rate to 0.0031250000465661287.
Epoch 117/1000
35/35 - 16s - loss: 0.6375 - accuracy: 0.9513 - val_loss: 0.9566 - val_accuracy: 0.8654

Epoch 00117: val_loss improved from 0.96390 to 0.95661, saving model to ./save/CNN_RNN_Resnet_10_use_mp_alpha_0.1_res_num_5_opt_SGD_fold_9.hdf5
Epoch 118/1000
35/35 - 16s - loss: 0.6527 - accuracy: 0.9402 - val_loss: 0.9829 - val_accuracy: 0.8510

Epoch 00118: val_loss did not improve from 0.95661
Epoch 119/1000
35/35 - 16s - loss: 0.6297 - accuracy: 0.9478 - val_loss: 0.9420 - val_accuracy: 0.8846

Epoch 00119: val_loss improved from 0.95661 to 0.94202, saving model to ./save/CNN_RNN_Resnet_10_use_mp_alpha_0.1_res_num_5_opt_SGD_fold_9.hdf5
Epoch 120/1000
35/35 - 16s - loss: 0.6224 - accuracy: 0.9513 - val_loss: 0.9691 - val_accuracy: 0.8702

Epoch 00120: val_loss did not improve from 0.94202
Epoch 121/1000
35/35 - 16s - loss: 0.6172 - accuracy: 0.9496 - val_loss: 0.9167 - val_accuracy: 0.8798

Epoch 00121: val_loss improved from 0.94202 to 0.91669, saving model to ./save/CNN_RNN_Resnet_10_use_mp_alpha_0.1_res_num_5_opt_SGD_fold_9.hdf5
Epoch 122/1000
35/35 - 16s - loss: 0.6160 - accuracy: 0.9522 - val_loss: 0.9444 - val_accuracy: 0.8798

Epoch 00122: val_loss did not improve from 0.91669
Epoch 123/1000
35/35 - 16s - loss: 0.6129 - accuracy: 0.9518 - val_loss: 0.9571 - val_accuracy: 0.8798

Epoch 00123: val_loss did not improve from 0.91669
Epoch 124/1000
35/35 - 16s - loss: 0.6152 - accuracy: 0.9491 - val_loss: 0.9535 - val_accuracy: 0.8798

Epoch 00124: val_loss did not improve from 0.91669
Epoch 125/1000
35/35 - 16s - loss: 0.6081 - accuracy: 0.9554 - val_loss: 0.9272 - val_accuracy: 0.8846

Epoch 00125: val_loss did not improve from 0.91669

Epoch 00125: ReduceLROnPlateau reducing learning rate to 0.0015625000232830644.
Epoch 126/1000
35/35 - 16s - loss: 0.6097 - accuracy: 0.9500 - val_loss: 0.9324 - val_accuracy: 0.8798

Epoch 00126: val_loss did not improve from 0.91669
Epoch 127/1000
35/35 - 16s - loss: 0.5949 - accuracy: 0.9545 - val_loss: 0.9500 - val_accuracy: 0.8654

Epoch 00127: val_loss did not improve from 0.91669
Epoch 128/1000
35/35 - 16s - loss: 0.6106 - accuracy: 0.9451 - val_loss: 0.9601 - val_accuracy: 0.8606

Epoch 00128: val_loss did not improve from 0.91669
Epoch 129/1000
35/35 - 16s - loss: 0.5904 - accuracy: 0.9509 - val_loss: 0.9057 - val_accuracy: 0.8702

Epoch 00129: val_loss improved from 0.91669 to 0.90567, saving model to ./save/CNN_RNN_Resnet_10_use_mp_alpha_0.1_res_num_5_opt_SGD_fold_9.hdf5
Epoch 130/1000
35/35 - 16s - loss: 0.6267 - accuracy: 0.9429 - val_loss: 0.9528 - val_accuracy: 0.8558

Epoch 00130: val_loss did not improve from 0.90567
Epoch 131/1000
35/35 - 16s - loss: 0.5907 - accuracy: 0.9563 - val_loss: 0.8991 - val_accuracy: 0.8702

Epoch 00131: val_loss improved from 0.90567 to 0.89909, saving model to ./save/CNN_RNN_Resnet_10_use_mp_alpha_0.1_res_num_5_opt_SGD_fold_9.hdf5
Epoch 132/1000
35/35 - 16s - loss: 0.6004 - accuracy: 0.9496 - val_loss: 0.9434 - val_accuracy: 0.8606

Epoch 00132: val_loss did not improve from 0.89909
Epoch 133/1000
35/35 - 16s - loss: 0.5914 - accuracy: 0.9585 - val_loss: 0.9019 - val_accuracy: 0.8558

Epoch 00133: val_loss did not improve from 0.89909
Epoch 134/1000
35/35 - 16s - loss: 0.5854 - accuracy: 0.9580 - val_loss: 0.9412 - val_accuracy: 0.8846

Epoch 00134: val_loss did not improve from 0.89909
Epoch 135/1000
35/35 - 16s - loss: 0.5869 - accuracy: 0.9594 - val_loss: 0.9278 - val_accuracy: 0.8510

Epoch 00135: val_loss did not improve from 0.89909

Epoch 00135: ReduceLROnPlateau reducing learning rate to 0.0007812500116415322.
Epoch 136/1000
35/35 - 16s - loss: 0.5869 - accuracy: 0.9513 - val_loss: 0.9145 - val_accuracy: 0.8798

Epoch 00136: val_loss did not improve from 0.89909
Epoch 137/1000
35/35 - 16s - loss: 0.5714 - accuracy: 0.9603 - val_loss: 0.9112 - val_accuracy: 0.8750

Epoch 00137: val_loss did not improve from 0.89909
Epoch 138/1000
35/35 - 16s - loss: 0.5840 - accuracy: 0.9571 - val_loss: 0.9338 - val_accuracy: 0.8654

Epoch 00138: val_loss did not improve from 0.89909
Epoch 139/1000
35/35 - 16s - loss: 0.5669 - accuracy: 0.9616 - val_loss: 0.9415 - val_accuracy: 0.8702

Epoch 00139: val_loss did not improve from 0.89909

Epoch 00139: ReduceLROnPlateau reducing learning rate to 0.0003906250058207661.
Epoch 140/1000
35/35 - 16s - loss: 0.5917 - accuracy: 0.9563 - val_loss: 0.9410 - val_accuracy: 0.8654

Epoch 00140: val_loss did not improve from 0.89909
Epoch 141/1000
35/35 - 16s - loss: 0.5785 - accuracy: 0.9580 - val_loss: 0.9278 - val_accuracy: 0.8606

Epoch 00141: val_loss did not improve from 0.89909
Epoch 142/1000
35/35 - 16s - loss: 0.5766 - accuracy: 0.9616 - val_loss: 0.9292 - val_accuracy: 0.8702

Epoch 00142: val_loss did not improve from 0.89909
Epoch 143/1000
35/35 - 16s - loss: 0.5795 - accuracy: 0.9616 - val_loss: 0.9172 - val_accuracy: 0.8654

Epoch 00143: val_loss did not improve from 0.89909

Epoch 00143: ReduceLROnPlateau reducing learning rate to 0.00019531250291038305.
Epoch 144/1000
35/35 - 16s - loss: 0.5751 - accuracy: 0.9612 - val_loss: 0.9299 - val_accuracy: 0.8702

Epoch 00144: val_loss did not improve from 0.89909
Epoch 145/1000
35/35 - 16s - loss: 0.5683 - accuracy: 0.9665 - val_loss: 0.8872 - val_accuracy: 0.8702

Epoch 00145: val_loss improved from 0.89909 to 0.88716, saving model to ./save/CNN_RNN_Resnet_10_use_mp_alpha_0.1_res_num_5_opt_SGD_fold_9.hdf5
Epoch 146/1000
35/35 - 16s - loss: 0.5788 - accuracy: 0.9571 - val_loss: 0.9259 - val_accuracy: 0.8702

Epoch 00146: val_loss did not improve from 0.88716
Epoch 147/1000
35/35 - 16s - loss: 0.5710 - accuracy: 0.9603 - val_loss: 0.8553 - val_accuracy: 0.8750

Epoch 00147: val_loss improved from 0.88716 to 0.85530, saving model to ./save/CNN_RNN_Resnet_10_use_mp_alpha_0.1_res_num_5_opt_SGD_fold_9.hdf5
Epoch 148/1000
35/35 - 16s - loss: 0.5913 - accuracy: 0.9567 - val_loss: 0.9252 - val_accuracy: 0.8654

Epoch 00148: val_loss did not improve from 0.85530
Epoch 149/1000
35/35 - 16s - loss: 0.5784 - accuracy: 0.9585 - val_loss: 0.9386 - val_accuracy: 0.8702

Epoch 00149: val_loss did not improve from 0.85530
Epoch 150/1000
35/35 - 16s - loss: 0.5460 - accuracy: 0.9719 - val_loss: 0.9228 - val_accuracy: 0.8702

Epoch 00150: val_loss did not improve from 0.85530
Epoch 151/1000
35/35 - 16s - loss: 0.5787 - accuracy: 0.9554 - val_loss: 0.9300 - val_accuracy: 0.8702

Epoch 00151: val_loss did not improve from 0.85530

Epoch 00151: ReduceLROnPlateau reducing learning rate to 9.765625145519152e-05.
Epoch 152/1000
35/35 - 16s - loss: 0.5674 - accuracy: 0.9612 - val_loss: 0.8491 - val_accuracy: 0.8798

Epoch 00152: val_loss improved from 0.85530 to 0.84912, saving model to ./save/CNN_RNN_Resnet_10_use_mp_alpha_0.1_res_num_5_opt_SGD_fold_9.hdf5
Epoch 153/1000
35/35 - 16s - loss: 0.5610 - accuracy: 0.9692 - val_loss: 0.9152 - val_accuracy: 0.8750

Epoch 00153: val_loss did not improve from 0.84912
Epoch 154/1000
35/35 - 16s - loss: 0.5635 - accuracy: 0.9656 - val_loss: 0.9242 - val_accuracy: 0.8750

Epoch 00154: val_loss did not improve from 0.84912
Epoch 155/1000
35/35 - 16s - loss: 0.5505 - accuracy: 0.9692 - val_loss: 0.9038 - val_accuracy: 0.8750

Epoch 00155: val_loss did not improve from 0.84912
Epoch 156/1000
35/35 - 16s - loss: 0.5728 - accuracy: 0.9607 - val_loss: 0.9235 - val_accuracy: 0.8750

Epoch 00156: val_loss did not improve from 0.84912

Epoch 00156: ReduceLROnPlateau reducing learning rate to 4.882812572759576e-05.
Epoch 157/1000
35/35 - 16s - loss: 0.5655 - accuracy: 0.9616 - val_loss: 0.8787 - val_accuracy: 0.8846

Epoch 00157: val_loss did not improve from 0.84912
Epoch 158/1000
35/35 - 16s - loss: 0.5735 - accuracy: 0.9598 - val_loss: 0.9179 - val_accuracy: 0.8702

Epoch 00158: val_loss did not improve from 0.84912
Epoch 159/1000
35/35 - 16s - loss: 0.5729 - accuracy: 0.9616 - val_loss: 0.9283 - val_accuracy: 0.8606

Epoch 00159: val_loss did not improve from 0.84912
Epoch 160/1000
35/35 - 16s - loss: 0.5793 - accuracy: 0.9576 - val_loss: 0.9283 - val_accuracy: 0.8654

Epoch 00160: val_loss did not improve from 0.84912

Epoch 00160: ReduceLROnPlateau reducing learning rate to 2.441406286379788e-05.
Epoch 161/1000
35/35 - 16s - loss: 0.5812 - accuracy: 0.9585 - val_loss: 0.9228 - val_accuracy: 0.8702

Epoch 00161: val_loss did not improve from 0.84912
Epoch 162/1000
35/35 - 16s - loss: 0.5773 - accuracy: 0.9621 - val_loss: 0.9164 - val_accuracy: 0.8702

Epoch 00162: val_loss did not improve from 0.84912
Epoch 163/1000
35/35 - 16s - loss: 0.5588 - accuracy: 0.9670 - val_loss: 0.9165 - val_accuracy: 0.8702

Epoch 00163: val_loss did not improve from 0.84912
Epoch 164/1000
35/35 - 16s - loss: 0.5633 - accuracy: 0.9656 - val_loss: 0.9186 - val_accuracy: 0.8750

Epoch 00164: val_loss did not improve from 0.84912

Epoch 00164: ReduceLROnPlateau reducing learning rate to 1.220703143189894e-05.
Epoch 165/1000
35/35 - 16s - loss: 0.5805 - accuracy: 0.9558 - val_loss: 0.9298 - val_accuracy: 0.8654

Epoch 00165: val_loss did not improve from 0.84912
Epoch 166/1000
35/35 - 16s - loss: 0.5649 - accuracy: 0.9616 - val_loss: 0.9224 - val_accuracy: 0.8702

Epoch 00166: val_loss did not improve from 0.84912
Epoch 167/1000
35/35 - 16s - loss: 0.5697 - accuracy: 0.9625 - val_loss: 0.9330 - val_accuracy: 0.8654

Epoch 00167: val_loss did not improve from 0.84912
Epoch 168/1000
35/35 - 16s - loss: 0.5727 - accuracy: 0.9603 - val_loss: 0.8883 - val_accuracy: 0.8846

Epoch 00168: val_loss did not improve from 0.84912

Epoch 00168: ReduceLROnPlateau reducing learning rate to 6.10351571594947e-06.
Epoch 169/1000
35/35 - 16s - loss: 0.5719 - accuracy: 0.9625 - val_loss: 0.8859 - val_accuracy: 0.8750

Epoch 00169: val_loss did not improve from 0.84912
Epoch 170/1000
35/35 - 16s - loss: 0.5746 - accuracy: 0.9612 - val_loss: 0.8776 - val_accuracy: 0.8894

Epoch 00170: val_loss did not improve from 0.84912
Epoch 171/1000
35/35 - 16s - loss: 0.5787 - accuracy: 0.9580 - val_loss: 0.9339 - val_accuracy: 0.8702

Epoch 00171: val_loss did not improve from 0.84912
Epoch 172/1000
35/35 - 16s - loss: 0.5597 - accuracy: 0.9670 - val_loss: 0.9292 - val_accuracy: 0.8702

Epoch 00172: val_loss did not improve from 0.84912

Epoch 00172: ReduceLROnPlateau reducing learning rate to 3.051757857974735e-06.
Epoch 173/1000
35/35 - 16s - loss: 0.5722 - accuracy: 0.9638 - val_loss: 0.9396 - val_accuracy: 0.8702

Epoch 00173: val_loss did not improve from 0.84912
Epoch 174/1000
35/35 - 16s - loss: 0.5719 - accuracy: 0.9625 - val_loss: 0.8802 - val_accuracy: 0.8798

Epoch 00174: val_loss did not improve from 0.84912
Epoch 175/1000
35/35 - 16s - loss: 0.5586 - accuracy: 0.9679 - val_loss: 0.9320 - val_accuracy: 0.8702

Epoch 00175: val_loss did not improve from 0.84912
Epoch 176/1000
35/35 - 16s - loss: 0.5652 - accuracy: 0.9634 - val_loss: 0.9003 - val_accuracy: 0.8798

Epoch 00176: val_loss did not improve from 0.84912

Epoch 00176: ReduceLROnPlateau reducing learning rate to 1.5258789289873675e-06.
Epoch 177/1000
35/35 - 16s - loss: 0.5622 - accuracy: 0.9688 - val_loss: 0.9340 - val_accuracy: 0.8702

Epoch 00177: val_loss did not improve from 0.84912
Epoch 178/1000
35/35 - 16s - loss: 0.5858 - accuracy: 0.9558 - val_loss: 0.9379 - val_accuracy: 0.8702

Epoch 00178: val_loss did not improve from 0.84912
Epoch 179/1000
35/35 - 16s - loss: 0.5623 - accuracy: 0.9621 - val_loss: 0.9295 - val_accuracy: 0.8702

Epoch 00179: val_loss did not improve from 0.84912
Epoch 180/1000
35/35 - 16s - loss: 0.5769 - accuracy: 0.9612 - val_loss: 0.9293 - val_accuracy: 0.8702

Epoch 00180: val_loss did not improve from 0.84912

Epoch 00180: ReduceLROnPlateau reducing learning rate to 7.629394644936838e-07.
Epoch 181/1000
35/35 - 16s - loss: 0.5613 - accuracy: 0.9647 - val_loss: 0.9028 - val_accuracy: 0.8798

Epoch 00181: val_loss did not improve from 0.84912
Epoch 182/1000
35/35 - 16s - loss: 0.5817 - accuracy: 0.9589 - val_loss: 0.9185 - val_accuracy: 0.8750

Epoch 00182: val_loss did not improve from 0.84912
Epoch 00182: early stopping
>> join - Process-3 at Mon Jul 26 11:33:20 2021
>> Process-3 spend 0h 51m 27.4s

>> evaluate testset
>> start - Process-4 at Mon Jul 26 11:33:24 2021
1/1 [==============================] - ETA: 0s - loss: 1.4174 - accuracy: 0.84961/1 [==============================] - 22s 22s/step - loss: 1.4174 - accuracy: 0.8496
>> join - Process-4 at Mon Jul 26 11:34:02 2021

>> start - Process-5 at Mon Jul 26 11:34:02 2021
1/1 [==============================] - ETA: 0s - loss: 1.6060 - accuracy: 0.85441/1 [==============================] - 22s 22s/step - loss: 1.6060 - accuracy: 0.8544
>> join - Process-5 at Mon Jul 26 11:34:42 2021

>> start - Process-6 at Mon Jul 26 11:34:42 2021
1/1 [==============================] - ETA: 0s - loss: 0.9210 - accuracy: 0.85921/1 [==============================] - 22s 22s/step - loss: 0.9210 - accuracy: 0.8592
>> join - Process-6 at Mon Jul 26 11:35:23 2021

>> calc predict_test and score_test
>> start - Process-7 at Mon Jul 26 11:35:24 2021
>> join - Process-7 at Mon Jul 26 11:35:49 2021

>> start - Process-8 at Mon Jul 26 11:35:49 2021
>> join - Process-8 at Mon Jul 26 11:36:14 2021

>> start - Process-9 at Mon Jul 26 11:36:14 2021
>> join - Process-9 at Mon Jul 26 11:36:39 2021

weighted: {'accuracy': 0.8784, 'recall': 0.8784, 'precision': 0.8801402054154994, 'f1': 0.8716540491395722}
macro: {'accuracy': 0.8784, 'recall': 0.7345639620661191, 'precision': 0.78195935105289, 'f1': 0.7426600906422623}
>> Finished! : Mon Jul 26 11:36:39 2021
>> whole process spend 2h 29m 45.4s
log_loss : 0.43188354852273314
